
===== VALIDATION LOOP 0: BUILD =====

src/new_sort/new_sort.c:29:26: error: unused parameter 'argv' [-Werror,-Wunused-parameter]
   29 | int main(int argc, char *argv[]) {
      |                          ^
src/new_sort/new_sort.c:74:28: error: variable 'new_cap' is used uninitialized whenever 'if' condition is true [-Werror,-Wsometimes-uninitialized]
   74 |                 } else if (line_cap > SIZE_MAX / (2 * sizeof(Line))) {
      |                            ^~~~~~~~~~~~~~~~~~~~~~~~~~~~~~~~~~~~~~~~
src/new_sort/new_sort.c:79:44: note: uninitialized use occurs here
   79 |                 Line *tmp = realloc(lines, new_cap * sizeof(Line));
      |                                            ^~~~~~~
src/new_sort/new_sort.c:74:24: note: remove the 'if' if its condition is always false
   74 |                 } else if (line_cap > SIZE_MAX / (2 * sizeof(Line))) {
      |                        ^~~~~~~~~~~~~~~~~~~~~~~~~~~~~~~~~~~~~~~~~~~~~~~
   75 |                     die("allocation size overflow");
      |                     ~~~~~~~~~~~~~~~~~~~~~~~~~~~~~~~~
   76 |                 } else {
      |                 ~~~~~~
src/new_sort/new_sort.c:71:31: note: initialize the variable 'new_cap' to silence this warning
   71 |                 size_t new_cap;
      |                               ^
      |                                = 0
src/new_sort/new_sort.c:53:28: error: variable 'new_cap' is used uninitialized whenever 'if' condition is true [-Werror,-Wsometimes-uninitialized]
   53 |                 } else if (buf_cap > SIZE_MAX / 2) {
      |                            ^~~~~~~~~~~~~~~~~~~~~~
src/new_sort/new_sort.c:58:51: note: uninitialized use occurs here
   58 |                 unsigned char *tmp = realloc(buf, new_cap);
      |                                                   ^~~~~~~
src/new_sort/new_sort.c:53:24: note: remove the 'if' if its condition is always false
   53 |                 } else if (buf_cap > SIZE_MAX / 2) {
      |                        ^~~~~~~~~~~~~~~~~~~~~~~~~~~~~
   54 |                     die("allocation size overflow");
      |                     ~~~~~~~~~~~~~~~~~~~~~~~~~~~~~~~~
   55 |                 } else {
      |                 ~~~~~~
src/new_sort/new_sort.c:50:31: note: initialize the variable 'new_cap' to silence this warning
   50 |                 size_t new_cap;
      |                               ^
      |                                = 0
3 errors generated.

===== VALIDATION LOOP 1: BUILD =====


===== VALIDATION LOOP 2: BUILD =====

