Archive member included to satisfy reference by file (symbol)

libver.a(version.o)           rm.o (Version)
../lib/libcoreutils.a(progname.o)
                              rm.o (set_program_name)
../lib/libcoreutils.a(version-etc.o)
                              rm.o (version_etc)
../lib/libcoreutils.a(version-etc-fsf.o)
                              ../lib/libcoreutils.a(version-etc.o) (version_etc_copyright)
../lib/libcoreutils.a(argmatch.o)
                              rm.o (__xargmatch_internal)
../lib/libcoreutils.a(basename-lgpl.o)
                              rm.o (last_component)
../lib/libcoreutils.a(closein.o)
                              rm.o (close_stdin)
../lib/libcoreutils.a(closeout.o)
                              ../lib/libcoreutils.a(closein.o) (close_stdout)
../lib/libcoreutils.a(exitfail.o)
                              ../lib/libcoreutils.a(closein.o) (exit_failure)
../lib/libcoreutils.a(file-type.o)
                              remove.o (file_type)
../lib/libcoreutils.a(fts.o)  remove.o (fts_close)
../lib/libcoreutils.a(hash.o)
                              ../lib/libcoreutils.a(fts.o) (hash_lookup)
../lib/libcoreutils.a(i-ring.o)
                              ../lib/libcoreutils.a(fts.o) (i_ring_init)
../lib/libcoreutils.a(open-safer.o)
                              ../lib/libcoreutils.a(fts.o) (open_safer)
../lib/libcoreutils.a(openat-safer.o)
                              ../lib/libcoreutils.a(fts.o) (openat_safer)
../lib/libcoreutils.a(opendir-safer.o)
                              ../lib/libcoreutils.a(fts.o) (opendir_safer)
../lib/libcoreutils.a(quote.o)
                              remove.o (quote_n)
../lib/libcoreutils.a(quotearg.o)
                              rm.o (quotearg_n_style)
../lib/libcoreutils.a(root-dev-ino.o)
                              rm.o (get_root_dev_ino)
../lib/libcoreutils.a(stripslash.o)
                              remove.o (strip_trailing_slashes)
../lib/libcoreutils.a(write-any-file.o)
                              remove.o (can_write_any_file)
../lib/libcoreutils.a(xmalloc.o)
                              ../lib/libcoreutils.a(quotearg.o) (xmalloc)
../lib/libcoreutils.a(yesno.o)
                              rm.o (yesno)
../lib/libcoreutils.a(euidaccess-stat.o)
                              remove.o (euidaccess_stat)
../lib/libcoreutils.a(xfts.o)
                              remove.o (xfts_open)
../lib/libcoreutils.a(freadahead.o)
                              ../lib/libcoreutils.a(closein.o) (freadahead)
../lib/libcoreutils.a(xalloc-die.o)
                              ../lib/libcoreutils.a(xmalloc.o) (xalloc_die)
../lib/libcoreutils.a(calloc.o)
                              ../lib/libcoreutils.a(hash.o) (rpl_calloc)
../lib/libcoreutils.a(cloexec.o)
                              ../lib/libcoreutils.a(fts.o) (set_cloexec_flag)
../lib/libcoreutils.a(close-stream.o)
                              ../lib/libcoreutils.a(closein.o) (close_stream)
../lib/libcoreutils.a(cycle-check.o)
                              ../lib/libcoreutils.a(fts.o) (cycle_check_init)
../lib/libcoreutils.a(dup-safer.o)
                              ../lib/libcoreutils.a(fts.o) (dup_safer)
../lib/libcoreutils.a(fcntl.o)
                              ../lib/libcoreutils.a(cloexec.o) (rpl_fcntl)
../lib/libcoreutils.a(fd-safer.o)
                              ../lib/libcoreutils.a(open-safer.o) (fd_safer)
/usr/lib/x86_64-linux-gnu/libc_nonshared.a(atexit.oS)
                              rm.o (atexit)


LOAD /lib/x86_64-linux-gnu/Scrt1.o
LOAD /lib/x86_64-linux-gnu/crti.o
LOAD /usr/lib/gcc/x86_64-linux-gnu/15/crtbeginS.o
LOAD rm.o
LOAD remove.o
LOAD libver.a
LOAD ../lib/libcoreutils.a
LOAD ../lib/libcoreutils.a
LOAD /usr/lib/gcc/x86_64-linux-gnu/15/libgcc.a
LOAD /usr/lib/gcc/x86_64-linux-gnu/15/libgcc_s.so
LOAD /lib/x86_64-linux-gnu/libgcc_s.so.1
LOAD /usr/lib/gcc/x86_64-linux-gnu/15/libgcc.a
LOAD /lib/x86_64-linux-gnu/libc.so
LOAD /usr/lib/x86_64-linux-gnu/libc.so.6
LOAD /usr/lib/x86_64-linux-gnu/libc_nonshared.a
LOAD /lib64/ld-linux-x86-64.so.2
LOAD /usr/lib/gcc/x86_64-linux-gnu/15/libgcc.a
LOAD /usr/lib/gcc/x86_64-linux-gnu/15/libgcc_s.so
LOAD /lib/x86_64-linux-gnu/libgcc_s.so.1
LOAD /usr/lib/gcc/x86_64-linux-gnu/15/libgcc.a
LOAD /usr/lib/gcc/x86_64-linux-gnu/15/crtendS.o
LOAD /lib/x86_64-linux-gnu/crtn.o
