Archive member included to satisfy reference by file (symbol)

libver.a(version.o)           sort.o (Version)
../lib/libcoreutils.a(argmatch.o)
                              sort.o (__xargmatch_internal)
../lib/libcoreutils.a(closeout.o)
                              sort.o (close_stdout)
../lib/libcoreutils.a(md5.o)  sort.o (md5_init_ctx)
../lib/libcoreutils.a(basename-lgpl.o)
                              sort.o (last_component)
../lib/libcoreutils.a(exitfail.o)
                              sort.o (exit_failure)
../lib/libcoreutils.a(fadvise.o)
                              sort.o (fadvise)
../lib/libcoreutils.a(filevercmp.o)
                              sort.o (filevercmp)
../lib/libcoreutils.a(fopen-safer.o)
                              sort.o (fopen_safer)
../lib/libcoreutils.a(hard-locale.o)
                              sort.o (hard_locale)
../lib/libcoreutils.a(hash.o)
                              sort.o (hash_initialize)
../lib/libcoreutils.a(heap.o)
                              sort.o (heap_alloc)
../lib/libcoreutils.a(uinttostr.o)
                              sort.o (uinttostr)
../lib/libcoreutils.a(umaxtostr.o)
                              sort.o (umaxtostr)
../lib/libcoreutils.a(mbswidth.o)
                              sort.o (mbsnwidth)
../lib/libcoreutils.a(nproc.o)
                              sort.o (num_processors)
../lib/libcoreutils.a(physmem.o)
                              sort.o (physmem_total)
../lib/libcoreutils.a(posixver.o)
                              sort.o (posix2_version)
../lib/libcoreutils.a(progname.o)
                              sort.o (set_program_name)
../lib/libcoreutils.a(quotearg.o)
                              sort.o (quotearg_n_style)
../lib/libcoreutils.a(randread.o)
                              sort.o (randread_new)
../lib/libcoreutils.a(rand-isaac.o)
                              ../lib/libcoreutils.a(randread.o) (isaac_refill)
../lib/libcoreutils.a(readtokens0.o)
                              sort.o (readtokens0_init)
../lib/libcoreutils.a(mkstemp-safer.o)
                              sort.o (mkstemp_safer)
../lib/libcoreutils.a(dup-safer.o)
                              ../lib/libcoreutils.a(fopen-safer.o) (dup_safer)
../lib/libcoreutils.a(fd-safer.o)
                              ../lib/libcoreutils.a(mkstemp-safer.o) (fd_safer)
../lib/libcoreutils.a(version-etc.o)
                              sort.o (version_etc)
../lib/libcoreutils.a(version-etc-fsf.o)
                              ../lib/libcoreutils.a(version-etc.o) (version_etc_copyright)
../lib/libcoreutils.a(xmalloc.o)
                              sort.o (xmalloc)
../lib/libcoreutils.a(xalloc-die.o)
                              sort.o (xalloc_die)
../lib/libcoreutils.a(xmemcoll.o)
                              sort.o (xmemcoll)
../lib/libcoreutils.a(xnanosleep.o)
                              sort.o (xnanosleep)
../lib/libcoreutils.a(xstrtoul.o)
                              sort.o (xstrtoul)
../lib/libcoreutils.a(xstrtol-error.o)
                              sort.o (xstrtol_fatal)
../lib/libcoreutils.a(xstrtoumax.o)
                              sort.o (xstrtoumax)
../lib/libcoreutils.a(fcntl.o)
                              ../lib/libcoreutils.a(dup-safer.o) (rpl_fcntl)
../lib/libcoreutils.a(mkstemp.o)
                              ../lib/libcoreutils.a(mkstemp-safer.o) (rpl_mkstemp)
../lib/libcoreutils.a(nanosleep.o)
                              ../lib/libcoreutils.a(xnanosleep.o) (rpl_nanosleep)
../lib/libcoreutils.a(strnumcmp.o)
                              sort.o (strnumcmp)
../lib/libcoreutils.a(close-stream.o)
                              ../lib/libcoreutils.a(closeout.o) (close_stream)
../lib/libcoreutils.a(dtotimespec.o)
                              ../lib/libcoreutils.a(xnanosleep.o) (dtotimespec)
../lib/libcoreutils.a(localcharset.o)
                              ../lib/libcoreutils.a(quotearg.o) (locale_charset)
../lib/libcoreutils.a(memcoll.o)
                              ../lib/libcoreutils.a(xmemcoll.o) (memcoll)
../lib/libcoreutils.a(tempname.o)
                              ../lib/libcoreutils.a(mkstemp.o) (gen_tempname)
../lib/libcoreutils.a(randint.o)
                              ../lib/libcoreutils.a(tempname.o) (randint_all_new)
/usr/lib/x86_64-linux-gnu/libc_nonshared.a(atexit.oS)
                              sort.o (atexit)


LOAD /usr/lib/gcc/x86_64-linux-gnu/15/../../../x86_64-linux-gnu/Scrt1.o
LOAD /usr/lib/gcc/x86_64-linux-gnu/15/../../../x86_64-linux-gnu/crti.o
LOAD /usr/lib/gcc/x86_64-linux-gnu/15/crtbeginS.o
LOAD sort.o
LOAD libver.a
LOAD ../lib/libcoreutils.a
LOAD ../lib/libcoreutils.a
LOAD /usr/lib/gcc/x86_64-linux-gnu/15/libgcc.a
LOAD /usr/lib/gcc/x86_64-linux-gnu/15/libgcc_s.so
LOAD /usr/lib/gcc/x86_64-linux-gnu/15/../../../x86_64-linux-gnu/libgcc_s.so.1
LOAD /usr/lib/gcc/x86_64-linux-gnu/15/libgcc.a
LOAD /usr/lib/gcc/x86_64-linux-gnu/15/../../../x86_64-linux-gnu/libc.so
LOAD /usr/lib/x86_64-linux-gnu/libc.so.6
LOAD /usr/lib/x86_64-linux-gnu/libc_nonshared.a
LOAD /lib64/ld-linux-x86-64.so.2
LOAD /usr/lib/gcc/x86_64-linux-gnu/15/libgcc.a
LOAD /usr/lib/gcc/x86_64-linux-gnu/15/libgcc_s.so
LOAD /usr/lib/gcc/x86_64-linux-gnu/15/../../../x86_64-linux-gnu/libgcc_s.so.1
LOAD /usr/lib/gcc/x86_64-linux-gnu/15/libgcc.a
LOAD /usr/lib/gcc/x86_64-linux-gnu/15/crtendS.o
LOAD /usr/lib/gcc/x86_64-linux-gnu/15/../../../x86_64-linux-gnu/crtn.o
