Archive member included to satisfy reference by file (symbol)

src/libver.a(version.o)       src/sort.o (Version)
lib/libcoreutils.a(libcoreutils_a-argmatch.o)
                              src/sort.o (__xargmatch_internal)
lib/libcoreutils.a(libcoreutils_a-closeout.o)
                              src/sort.o (close_stdout)
lib/libcoreutils.a(libcoreutils_a-md5.o)
                              src/sort.o (md5_init_ctx)
lib/libcoreutils.a(libcoreutils_a-error.o)
                              src/sort.o (error)
lib/libcoreutils.a(libcoreutils_a-exitfail.o)
                              src/sort.o (exit_failure)
lib/libcoreutils.a(libcoreutils_a-fadvise.o)
                              src/sort.o (fadvise)
lib/libcoreutils.a(libcoreutils_a-filevercmp.o)
                              src/sort.o (filenvercmp)
lib/libcoreutils.a(libcoreutils_a-getprogname.o)
                              lib/libcoreutils.a(libcoreutils_a-error.o) (getprogname)
lib/libcoreutils.a(libcoreutils_a-hard-locale.o)
                              src/sort.o (hard_locale)
lib/libcoreutils.a(libcoreutils_a-hash.o)
                              src/sort.o (hash_initialize)
lib/libcoreutils.a(libcoreutils_a-heap.o)
                              src/sort.o (heap_alloc)
lib/libcoreutils.a(libcoreutils_a-inttostr.o)
                              src/sort.o (inttostr)
lib/libcoreutils.a(libcoreutils_a-umaxtostr.o)
                              src/sort.o (umaxtostr)
lib/libcoreutils.a(libcoreutils_a-mbswidth.o)
                              src/sort.o (mbsnwidth)
lib/libcoreutils.a(libcoreutils_a-nl_langinfo.o)
                              src/sort.o (rpl_nl_langinfo)
lib/libcoreutils.a(libcoreutils_a-nproc.o)
                              src/sort.o (num_processors)
lib/libcoreutils.a(libcoreutils_a-physmem.o)
                              src/sort.o (physmem_total)
lib/libcoreutils.a(libcoreutils_a-pipe2.o)
                              src/sort.o (rpl_pipe2)
lib/libcoreutils.a(libcoreutils_a-posixver.o)
                              src/sort.o (posix2_version)
lib/libcoreutils.a(libcoreutils_a-progname.o)
                              src/sort.o (set_program_name)
lib/libcoreutils.a(libcoreutils_a-propername-lite.o)
                              src/sort.o (proper_name_lite)
lib/libcoreutils.a(libcoreutils_a-quotearg.o)
                              src/sort.o (quotearg_n_style)
lib/libcoreutils.a(libcoreutils_a-randread.o)
                              src/sort.o (randread_new)
lib/libcoreutils.a(libcoreutils_a-rand-isaac.o)
                              lib/libcoreutils.a(libcoreutils_a-randread.o) (isaac_refill)
lib/libcoreutils.a(libcoreutils_a-readtokens0.o)
                              src/sort.o (readtokens0_init)
lib/libcoreutils.a(libcoreutils_a-setlocale_null.o)
                              lib/libcoreutils.a(libcoreutils_a-hard-locale.o) (setlocale_null_r)
lib/libcoreutils.a(libcoreutils_a-setlocale_null-unlocked.o)
                              lib/libcoreutils.a(libcoreutils_a-setlocale_null.o) (setlocale_null_unlocked)
lib/libcoreutils.a(libcoreutils_a-mkstemp-safer.o)
                              src/sort.o (mkostemp_safer)
lib/libcoreutils.a(libcoreutils_a-strnumcmp.o)
                              src/sort.o (strnumcmp)
lib/libcoreutils.a(libcoreutils_a-fd-safer.o)
                              lib/libcoreutils.a(libcoreutils_a-mkstemp-safer.o) (fd_safer)
lib/libcoreutils.a(libcoreutils_a-version-etc.o)
                              src/sort.o (version_etc)
lib/libcoreutils.a(libcoreutils_a-version-etc-fsf.o)
                              lib/libcoreutils.a(libcoreutils_a-version-etc.o) (version_etc_copyright)
lib/libcoreutils.a(libcoreutils_a-xmalloc.o)
                              src/sort.o (xmalloc)
lib/libcoreutils.a(libcoreutils_a-xalloc-die.o)
                              src/sort.o (xalloc_die)
lib/libcoreutils.a(libcoreutils_a-xmemcoll.o)
                              src/sort.o (xmemcoll0)
lib/libcoreutils.a(libcoreutils_a-xnanosleep.o)
                              src/sort.o (xnanosleep)
lib/libcoreutils.a(libcoreutils_a-xstrtol-error.o)
                              src/sort.o (xstrtol_fatal)
lib/libcoreutils.a(libcoreutils_a-xstrtoumax.o)
                              src/sort.o (xstrtoumax)
lib/libcoreutils.a(libcoreutils_a-c-strcasecmp.o)
                              lib/libcoreutils.a(libcoreutils_a-propername-lite.o) (c_strcasecmp)
lib/libcoreutils.a(libcoreutils_a-close-stream.o)
                              lib/libcoreutils.a(libcoreutils_a-closeout.o) (close_stream)
lib/libcoreutils.a(libcoreutils_a-dtotimespec.o)
                              lib/libcoreutils.a(libcoreutils_a-xnanosleep.o) (dtotimespec)
lib/libcoreutils.a(libcoreutils_a-fcntl.o)
                              lib/libcoreutils.a(libcoreutils_a-pipe2.o) (rpl_fcntl)
lib/libcoreutils.a(libcoreutils_a-fd-safer-flag.o)
                              lib/libcoreutils.a(libcoreutils_a-mkstemp-safer.o) (fd_safer_flag)
lib/libcoreutils.a(libcoreutils_a-dup-safer-flag.o)
                              lib/libcoreutils.a(libcoreutils_a-fd-safer-flag.o) (dup_safer_flag)
lib/libcoreutils.a(libcoreutils_a-fopen-safer.o)
                              lib/libcoreutils.a(libcoreutils_a-randread.o) (fopen_safer)
lib/libcoreutils.a(libcoreutils_a-full-read.o)
                              lib/libcoreutils.a(libcoreutils_a-physmem.o) (full_read)
lib/libcoreutils.a(libcoreutils_a-localcharset.o)
                              lib/libcoreutils.a(libcoreutils_a-propername-lite.o) (locale_charset)
lib/libcoreutils.a(libcoreutils_a-mbrtoc32.o)
                              lib/libcoreutils.a(libcoreutils_a-mbswidth.o) (rpl_mbrtoc32)
lib/libcoreutils.a(libcoreutils_a-memcoll.o)
                              lib/libcoreutils.a(libcoreutils_a-xmemcoll.o) (memcoll)
lib/libcoreutils.a(libcoreutils_a-mkstemp.o)
                              lib/libcoreutils.a(libcoreutils_a-mkstemp-safer.o) (rpl_mkstemp)
lib/libcoreutils.a(libcoreutils_a-nanosleep.o)
                              lib/libcoreutils.a(libcoreutils_a-xnanosleep.o) (rpl_nanosleep)
lib/libcoreutils.a(libcoreutils_a-obstack.o)
                              lib/libcoreutils.a(libcoreutils_a-readtokens0.o) (rpl_obstack_begin)
lib/libcoreutils.a(libcoreutils_a-reallocarray.o)
                              lib/libcoreutils.a(libcoreutils_a-xmalloc.o) (rpl_reallocarray)
lib/libcoreutils.a(libcoreutils_a-safe-read.o)
                              lib/libcoreutils.a(libcoreutils_a-full-read.o) (safe_read)
lib/libcoreutils.a(libcoreutils_a-tempname.o)
                              lib/libcoreutils.a(libcoreutils_a-mkstemp.o) (gen_tempname)
lib/libcoreutils.a(libcoreutils_a-dup-safer.o)
                              lib/libcoreutils.a(libcoreutils_a-fd-safer.o) (dup_safer)
/usr/lib/x86_64-linux-gnu/libc_nonshared.a(atexit.oS)
                              src/sort.o (atexit)

Merging object attributes



LOAD /usr/lib/gcc/x86_64-linux-gnu/15/../../../x86_64-linux-gnu/Scrt1.o
LOAD /usr/lib/gcc/x86_64-linux-gnu/15/../../../x86_64-linux-gnu/crti.o
LOAD /usr/lib/gcc/x86_64-linux-gnu/15/crtbeginS.o
LOAD src/sort.o
LOAD src/libver.a
LOAD lib/libcoreutils.a
LOAD lib/libcoreutils.a
LOAD /usr/lib/gcc/x86_64-linux-gnu/15/libgcc.a
LOAD /usr/lib/gcc/x86_64-linux-gnu/15/libgcc_s.so
LOAD /usr/lib/gcc/x86_64-linux-gnu/15/../../../x86_64-linux-gnu/libgcc_s.so.1
LOAD /usr/lib/gcc/x86_64-linux-gnu/15/libgcc.a
LOAD /usr/lib/gcc/x86_64-linux-gnu/15/../../../x86_64-linux-gnu/libc.so
LOAD /usr/lib/x86_64-linux-gnu/libc.so.6
LOAD /usr/lib/x86_64-linux-gnu/libc_nonshared.a
LOAD /lib64/ld-linux-x86-64.so.2
LOAD /usr/lib/gcc/x86_64-linux-gnu/15/libgcc.a
LOAD /usr/lib/gcc/x86_64-linux-gnu/15/libgcc_s.so
LOAD /usr/lib/gcc/x86_64-linux-gnu/15/../../../x86_64-linux-gnu/libgcc_s.so.1
LOAD /usr/lib/gcc/x86_64-linux-gnu/15/libgcc.a
LOAD /usr/lib/gcc/x86_64-linux-gnu/15/crtendS.o
LOAD /usr/lib/gcc/x86_64-linux-gnu/15/../../../x86_64-linux-gnu/crtn.o
