
===== VALIDATION LOOP 0: BUILD =====


===== VALIDATION LOOP 1: BUILD =====

src/new_mkdir/new_mkdir.c:104:55: error: expected expression
  104 |         print_error("mkdir: missing operand\nTry ""?"???"?","
      |                                                       ^
src/new_mkdir/new_mkdir.c:104:56: error: expected expression
  104 |         print_error("mkdir: missing operand\nTry ""?"???"?","
      |                                                        ^
src/new_mkdir/new_mkdir.c:104:61: error: missing terminating '"' character [-Werror,-Winvalid-pp-token]
  104 |         print_error("mkdir: missing operand\nTry ""?"???"?","
      |                                                             ^
src/new_mkdir/new_mkdir.c:104:61: error: expected expression
src/new_mkdir/new_mkdir.c:104:61: error: expected ':'
  104 |         print_error("mkdir: missing operand\nTry ""?"???"?","
      |                                                             ^
      |                                                             : 
src/new_mkdir/new_mkdir.c:104:56: note: to match this '?'
  104 |         print_error("mkdir: missing operand\nTry ""?"???"?","
      |                                                        ^
src/new_mkdir/new_mkdir.c:104:61: error: expected expression
  104 |         print_error("mkdir: missing operand\nTry ""?"???"?","
      |                                                             ^
src/new_mkdir/new_mkdir.c:104:61: error: expected ':'
  104 |         print_error("mkdir: missing operand\nTry ""?"???"?","
      |                                                             ^
      |                                                             : 
src/new_mkdir/new_mkdir.c:104:55: note: to match this '?'
  104 |         print_error("mkdir: missing operand\nTry ""?"???"?","
      |                                                       ^
src/new_mkdir/new_mkdir.c:104:61: error: expected expression
  104 |         print_error("mkdir: missing operand\nTry ""?"???"?","
      |                                                             ^
src/new_mkdir/new_mkdir.c:104:61: error: expected ':'
  104 |         print_error("mkdir: missing operand\nTry ""?"???"?","
      |                                                             ^
      |                                                             : 
src/new_mkdir/new_mkdir.c:104:54: note: to match this '?'
  104 |         print_error("mkdir: missing operand\nTry ""?"???"?","
      |                                                      ^
src/new_mkdir/new_mkdir.c:104:61: error: expected expression
  104 |         print_error("mkdir: missing operand\nTry ""?"???"?","
      |                                                             ^
10 errors generated.

===== VALIDATION LOOP 2: BUILD =====

src/new_mkdir/new_mkdir.c:104:55: error: expected expression
  104 |         print_error("mkdir: missing operand\nTry ""?"???"?","
      |                                                       ^
src/new_mkdir/new_mkdir.c:104:56: error: expected expression
  104 |         print_error("mkdir: missing operand\nTry ""?"???"?","
      |                                                        ^
src/new_mkdir/new_mkdir.c:104:61: error: missing terminating '"' character [-Werror,-Winvalid-pp-token]
  104 |         print_error("mkdir: missing operand\nTry ""?"???"?","
      |                                                             ^
src/new_mkdir/new_mkdir.c:104:61: error: expected expression
src/new_mkdir/new_mkdir.c:104:61: error: expected ':'
  104 |         print_error("mkdir: missing operand\nTry ""?"???"?","
      |                                                             ^
      |                                                             : 
src/new_mkdir/new_mkdir.c:104:56: note: to match this '?'
  104 |         print_error("mkdir: missing operand\nTry ""?"???"?","
      |                                                        ^
src/new_mkdir/new_mkdir.c:104:61: error: expected expression
  104 |         print_error("mkdir: missing operand\nTry ""?"???"?","
      |                                                             ^
src/new_mkdir/new_mkdir.c:104:61: error: expected ':'
  104 |         print_error("mkdir: missing operand\nTry ""?"???"?","
      |                                                             ^
      |                                                             : 
src/new_mkdir/new_mkdir.c:104:55: note: to match this '?'
  104 |         print_error("mkdir: missing operand\nTry ""?"???"?","
      |                                                       ^
src/new_mkdir/new_mkdir.c:104:61: error: expected expression
  104 |         print_error("mkdir: missing operand\nTry ""?"???"?","
      |                                                             ^
src/new_mkdir/new_mkdir.c:104:61: error: expected ':'
  104 |         print_error("mkdir: missing operand\nTry ""?"???"?","
      |                                                             ^
      |                                                             : 
src/new_mkdir/new_mkdir.c:104:54: note: to match this '?'
  104 |         print_error("mkdir: missing operand\nTry ""?"???"?","
      |                                                      ^
src/new_mkdir/new_mkdir.c:104:61: error: expected expression
  104 |         print_error("mkdir: missing operand\nTry ""?"???"?","
      |                                                             ^
10 errors generated.
