
===== VALIDATION LOOP 0: BUILD =====

src/new_grep/new_grep.c:53:18: error: multi-character character constant [-Werror,-Wmultichar]
   53 |     return fputc('\\n', stdout) != EOF;
      |                  ^
src/new_grep/new_grep.c:63:18: error: multi-character character constant [-Werror,-Wmultichar]
   63 |         if (c == '\\n') {
      |                  ^
src/new_grep/new_grep.c:129:52: error: multi-character character constant [-Werror,-Wmultichar]
  129 |             if (argv[i][0] == '-' && argv[i][1] != '\\0') {
      |                                                    ^
src/new_grep/new_grep.c:129:49: error: result of comparison of constant 23600 with expression of type 'char' is always true [-Werror,-Wtautological-constant-out-of-range-compare]
  129 |             if (argv[i][0] == '-' && argv[i][1] != '\\0') {
      |                                      ~~~~~~~~~~ ^  ~~~~~
4 errors generated.

===== VALIDATION LOOP 1: BUILD =====

src/new_grep/new_grep.c:14:14: error: unused function 'xmalloc' [-Werror,-Wunused-function]
   14 | static void *xmalloc(size_t size) {
      |              ^~~~~~~
1 error generated.

===== VALIDATION LOOP 2: BUILD =====

