
===== VALIDATION LOOP 0: BUILD =====


===== VALIDATION LOOP 1: BUILD =====

src/new_mkdir/new_mkdir.c:99:65: error: more '%' conversions than data arguments [-Werror,-Wformat-insufficient-args]
   99 |             fprintf(stderr, "%s: cannot create directory '%s': %s\n",
      |                                                                ~^
src/new_mkdir/new_mkdir.c:110:52: error: more '%' conversions than data arguments [-Werror,-Wformat-insufficient-args]
  110 |                     "%s: cannot create directory '%s': Not a directory\n",
      |                                                   ~^
src/new_mkdir/new_mkdir.c:121:52: error: more '%' conversions than data arguments [-Werror,-Wformat-insufficient-args]
  121 |                     "%s: cannot create directory '%s': File exists\n",
      |                                                   ~^
src/new_mkdir/new_mkdir.c:131:65: error: more '%' conversions than data arguments [-Werror,-Wformat-insufficient-args]
  131 |             fprintf(stderr, "%s: cannot create directory '%s': %s\n",
      |                                                                ~^
4 errors generated.

===== VALIDATION LOOP 2: BUILD =====

src/new_mkdir/new_mkdir.c:99:65: error: more '%' conversions than data arguments [-Werror,-Wformat-insufficient-args]
   99 |             fprintf(stderr, "%s: cannot create directory '%s': %s\n",
      |                                                                ~^
src/new_mkdir/new_mkdir.c:110:52: error: more '%' conversions than data arguments [-Werror,-Wformat-insufficient-args]
  110 |                     "%s: cannot create directory '%s': Not a directory\n",
      |                                                   ~^
src/new_mkdir/new_mkdir.c:121:52: error: more '%' conversions than data arguments [-Werror,-Wformat-insufficient-args]
  121 |                     "%s: cannot create directory '%s': File exists\n",
      |                                                   ~^
src/new_mkdir/new_mkdir.c:131:65: error: more '%' conversions than data arguments [-Werror,-Wformat-insufficient-args]
  131 |             fprintf(stderr, "%s: cannot create directory '%s': %s\n",
      |                                                                ~^
4 errors generated.
