
===== VALIDATION LOOP 0: BUILD =====

src/new_grep/new_grep.c:97:9: error: unused variable 'prefix' [-Werror,-Wunused-variable]
   97 |     int prefix = (nfiles >= 2);
      |         ^~~~~~
src/new_grep/new_grep.c:87:16: error: variable 'nfiles' is used uninitialized whenever 'if' condition is true [-Werror,-Wsometimes-uninitialized]
   87 |     } else if (argv[1][0] == '-' && argv[1][1] != '\0') {
      |                ^~~~~~~~~~~~~~~~~~~~~~~~~~~~~~~~~~~~~~~
src/new_grep/new_grep.c:97:19: note: uninitialized use occurs here
   97 |     int prefix = (nfiles >= 2);
      |                   ^~~~~~
src/new_grep/new_grep.c:87:12: note: remove the 'if' if its condition is always false
   87 |     } else if (argv[1][0] == '-' && argv[1][1] != '\0') {
      |            ^~~~~~~~~~~~~~~~~~~~~~~~~~~~~~~~~~~~~~~~~~~~~~
   88 |         fail_msg("unknown option");
      |         ~~~~~~~~~~~~~~~~~~~~~~~~~~~
   89 |     } else {
      |     ~~~~~~
src/new_grep/new_grep.c:80:15: note: initialize the variable 'nfiles' to silence this warning
   80 |     int nfiles;
      |               ^
      |                = 0
src/new_grep/new_grep.c:87:16: error: variable 'pattern' is used uninitialized whenever 'if' condition is true [-Werror,-Wsometimes-uninitialized]
   87 |     } else if (argv[1][0] == '-' && argv[1][1] != '\0') {
      |                ^~~~~~~~~~~~~~~~~~~~~~~~~~~~~~~~~~~~~~~
src/new_grep/new_grep.c:95:29: note: uninitialized use occurs here
   95 |     size_t pat_len = strlen(pattern);
      |                             ^~~~~~~
src/new_grep/new_grep.c:87:12: note: remove the 'if' if its condition is always false
   87 |     } else if (argv[1][0] == '-' && argv[1][1] != '\0') {
      |            ^~~~~~~~~~~~~~~~~~~~~~~~~~~~~~~~~~~~~~~~~~~~~~
   88 |         fail_msg("unknown option");
      |         ~~~~~~~~~~~~~~~~~~~~~~~~~~~
   89 |     } else {
      |     ~~~~~~
src/new_grep/new_grep.c:78:24: note: initialize the variable 'pattern' to silence this warning
   78 |     const char *pattern;
      |                        ^
      |                         = NULL
3 errors generated.

===== VALIDATION LOOP 1: BUILD =====

