
===== VALIDATION LOOP 0: BUILD =====


===== VALIDATION LOOP 1: BUILD =====

src/new_mkdir/new_mkdir.c:16:29: error: missing terminating '"' character [-Werror,-Winvalid-pp-token]
   16 |             fprintf(stderr, "mkdir: unrecognized option '%s'
      |                             ^
src/new_mkdir/new_mkdir.c:16:29: error: expected expression
src/new_mkdir/new_mkdir.c:18:3: error: missing terminating '"' character [-Werror,-Winvalid-pp-token]
   18 | \n", argv[i]);
      |   ^
src/new_mkdir/new_mkdir.c:25:25: error: missing terminating '"' character [-Werror,-Winvalid-pp-token]
   25 |         fprintf(stderr, "mkdir: missing operand
      |                         ^
src/new_mkdir/new_mkdir.c:25:25: error: expected expression
src/new_mkdir/new_mkdir.c:27:3: error: missing terminating '"' character [-Werror,-Winvalid-pp-token]
   27 | \n");
      |   ^
src/new_mkdir/new_mkdir.c:70:29: error: missing terminating '"' character [-Werror,-Winvalid-pp-token]
   70 |             fprintf(stderr, "mkdir: cannot create directory '%s': %s
      |                             ^
src/new_mkdir/new_mkdir.c:70:29: error: expected expression
src/new_mkdir/new_mkdir.c:71:3: error: missing terminating '"' character [-Werror,-Winvalid-pp-token]
   71 | \n", path, strerror(errno));
      |   ^
src/new_mkdir/new_mkdir.c:79:29: error: missing terminating '"' character [-Werror,-Winvalid-pp-token]
   79 |             fprintf(stderr, "mkdir: cannot create directory '%s': %s
      |                             ^
src/new_mkdir/new_mkdir.c:79:29: error: expected expression
src/new_mkdir/new_mkdir.c:80:3: error: missing terminating '"' character [-Werror,-Winvalid-pp-token]
   80 | \n", path, strerror(errno));
      |   ^
src/new_mkdir/new_mkdir.c:91:29: error: missing terminating '"' character [-Werror,-Winvalid-pp-token]
   91 |             fprintf(stderr, "mkdir: cannot create directory '%s': %s
      |                             ^
src/new_mkdir/new_mkdir.c:91:29: error: expected expression
src/new_mkdir/new_mkdir.c:92:3: error: missing terminating '"' character [-Werror,-Winvalid-pp-token]
   92 | \n", path, strerror(errno));
      |   ^
src/new_mkdir/new_mkdir.c:100:29: error: missing terminating '"' character [-Werror,-Winvalid-pp-token]
  100 |             fprintf(stderr, "mkdir: cannot create directory '%s': %s
      |                             ^
src/new_mkdir/new_mkdir.c:100:29: error: expected expression
src/new_mkdir/new_mkdir.c:101:3: error: missing terminating '"' character [-Werror,-Winvalid-pp-token]
  101 | \n", path, strerror(errno));
      |   ^
18 errors generated.

===== VALIDATION LOOP 2: BUILD =====

src/new_mkdir/new_mkdir.c:23:25: error: missing terminating '"' character [-Werror,-Winvalid-pp-token]
   23 |         fprintf(stderr, "mkdir: missing operand
      |                         ^
src/new_mkdir/new_mkdir.c:23:25: error: expected expression
src/new_mkdir/new_mkdir.c:25:3: error: missing terminating '"' character [-Werror,-Winvalid-pp-token]
   25 | \n");
      |   ^
src/new_mkdir/new_mkdir.c:68:29: error: missing terminating '"' character [-Werror,-Winvalid-pp-token]
   68 |             fprintf(stderr, "mkdir: cannot create directory '%s': %s
      |                             ^
src/new_mkdir/new_mkdir.c:68:29: error: expected expression
src/new_mkdir/new_mkdir.c:69:3: error: missing terminating '"' character [-Werror,-Winvalid-pp-token]
   69 | \n", path, strerror(errno));
      |   ^
src/new_mkdir/new_mkdir.c:77:29: error: missing terminating '"' character [-Werror,-Winvalid-pp-token]
   77 |             fprintf(stderr, "mkdir: cannot create directory '%s': %s
      |                             ^
src/new_mkdir/new_mkdir.c:77:29: error: expected expression
src/new_mkdir/new_mkdir.c:78:3: error: missing terminating '"' character [-Werror,-Winvalid-pp-token]
   78 | \n", path, strerror(errno));
      |   ^
src/new_mkdir/new_mkdir.c:89:29: error: missing terminating '"' character [-Werror,-Winvalid-pp-token]
   89 |             fprintf(stderr, "mkdir: cannot create directory '%s': %s
      |                             ^
src/new_mkdir/new_mkdir.c:89:29: error: expected expression
src/new_mkdir/new_mkdir.c:90:3: error: missing terminating '"' character [-Werror,-Winvalid-pp-token]
   90 | \n", path, strerror(errno));
      |   ^
src/new_mkdir/new_mkdir.c:98:29: error: missing terminating '"' character [-Werror,-Winvalid-pp-token]
   98 |             fprintf(stderr, "mkdir: cannot create directory '%s': %s
      |                             ^
src/new_mkdir/new_mkdir.c:98:29: error: expected expression
src/new_mkdir/new_mkdir.c:99:3: error: missing terminating '"' character [-Werror,-Winvalid-pp-token]
   99 | \n", path, strerror(errno));
      |   ^
15 errors generated.
