
===== VALIDATION LOOP 0: BUILD =====


===== VALIDATION LOOP 1: BUILD =====

src/new_mkdir/new_mkdir.c:51:11: error: redefinition of 'p'
   51 |     char *p = path + strlen(path) - 1;
      |           ^
src/new_mkdir/new_mkdir.c:36:11: note: previous definition is here
   36 |     char *p = path + strlen(path) - 1;
      |           ^
src/new_mkdir/new_mkdir.c:119:23: error: use of undeclared identifier 'st'
  119 |     if (stat(parent, &st) != 0)     {
      |                       ^~
src/new_mkdir/new_mkdir.c:133:18: error: use of undeclared identifier 'st'
  133 |     if (!S_ISDIR(st.st_mode))     {
      |                  ^~
src/new_mkdir/new_mkdir.c:148:21: error: use of undeclared identifier 'st'
  148 |     if (stat(path, &st) == 0)     {
      |                     ^~
src/new_mkdir/new_mkdir.c:198:16: error: use of undeclared identifier 'path'
  198 |     char *tr = path + strlen(path) - 1;
      |                ^~~~
src/new_mkdir/new_mkdir.c:198:30: error: use of undeclared identifier 'path'
  198 |     char *tr = path + strlen(path) - 1;
      |                              ^~~~
src/new_mkdir/new_mkdir.c:199:17: error: use of undeclared identifier 'path'
  199 |     while (tr > path && *tr == '/') {
      |                 ^~~~
src/new_mkdir/new_mkdir.c:203:19: error: use of undeclared identifier 'path'
  203 |     char *trail = path + strlen(path) - 1;
      |                   ^~~~
src/new_mkdir/new_mkdir.c:203:33: error: use of undeclared identifier 'path'
  203 |     char *trail = path + strlen(path) - 1;
      |                                 ^~~~
src/new_mkdir/new_mkdir.c:204:20: error: use of undeclared identifier 'path'
  204 |     while (trail > path && *trail == '/') {
      |                    ^~~~
src/new_mkdir/new_mkdir.c:212:16: error: use of undeclared identifier 'path'
  212 |     char *tr = path + strlen(path) - 1;
      |                ^~~~
src/new_mkdir/new_mkdir.c:212:30: error: use of undeclared identifier 'path'
  212 |     char *tr = path + strlen(path) - 1;
      |                              ^~~~
src/new_mkdir/new_mkdir.c:213:17: error: use of undeclared identifier 'path'
  213 |     while (tr > path && *tr == '/') {
      |                 ^~~~
src/new_mkdir/new_mkdir.c:217:19: error: use of undeclared identifier 'path'
  217 |     char *trail = path + strlen(path) - 1;
      |                   ^~~~
src/new_mkdir/new_mkdir.c:217:33: error: use of undeclared identifier 'path'
  217 |     char *trail = path + strlen(path) - 1;
      |                                 ^~~~
src/new_mkdir/new_mkdir.c:218:20: error: use of undeclared identifier 'path'
  218 |     while (trail > path && *trail == '/') {
      |                    ^~~~
src/new_mkdir/new_mkdir.c:223:16: error: use of undeclared identifier 'path'
  223 |     char *tr = path + strlen(path) - 1;
      |                ^~~~
src/new_mkdir/new_mkdir.c:223:30: error: use of undeclared identifier 'path'
  223 |     char *tr = path + strlen(path) - 1;
      |                              ^~~~
src/new_mkdir/new_mkdir.c:224:17: error: use of undeclared identifier 'path'
  224 |     while (tr > path && *tr == '/') {
      |                 ^~~~
fatal error: too many errors emitted, stopping now [-ferror-limit=]
20 errors generated.
