
===== VALIDATION LOOP 0: BUILD =====


===== VALIDATION LOOP 1: BUILD =====

src/new_mkdir/new_mkdir.c:55:13: error: use of undeclared identifier 'last_slash'
   55 |         if (last_slash != NULL) {
      |             ^~~~~~~~~~
src/new_mkdir/new_mkdir.c:56:36: error: use of undeclared identifier 'last_slash'
   56 |             parent = strndup(path, last_slash - path);
      |                                    ^~~~~~~~~~
src/new_mkdir/new_mkdir.c:57:28: error: use of undeclared identifier 'last_slash'
   57 |             final = strdup(last_slash + 1);
      |                            ^~~~~~~~~~
3 errors generated.

===== VALIDATION LOOP 2: BUILD =====

src/new_mkdir/new_mkdir.c:71:15: error: redefinition of 'last_slash'
   71 |         char *last_slash = strrchr(trimmed, '/');
      |               ^
src/new_mkdir/new_mkdir.c:53:15: note: previous definition is here
   53 |         char *last_slash = strrchr(trimmed, '/');
      |               ^
1 error generated.

===== VALIDATION LOOP 3: BUILD =====

