     VMA      LMA     Size Align Out     In      Symbol
  400194   400194       19     1 .interp
  400194   400194       19     1         <internal>:(.interp)
  4001b0   4001b0       18     4 .note.ABI-tag
  4001b0   4001b0       18     4         $STAGING/sysroot/usr/lib/crtbegin.o:(.note.ABI-tag)
  4001c8   4001c8      350     4 .dynsym
  4001c8   4001c8      350     4         <internal>:(.dynsym)
  400518   400518      194     4 .gnu.hash
  400518   400518      194     4         <internal>:(.gnu.hash)
  4006ac   4006ac      1b0     4 .hash
  4006ac   4006ac      1b0     4         <internal>:(.hash)
  40085c   40085c      192     1 .dynstr
  40085c   40085c      192     1         <internal>:(.dynstr)
  4009f0   4009f0       18     4 .rel.dyn
  4009f0   4009f0       18     4         <internal>:(.rel.dyn)
  400a08   400a08      118     4 .rel.plt
  400a08   400a08      118     4         <internal>:(.rel.plt)
  400b20   400b20     10ec     4 .rodata
  400b20   400b20        1     1         $STAGING/sysroot/usr/lib/crt1.o:(.rodata)
  400b24   400b24      52c     4         sort.o:(.rodata)
  400ff0   400ff0       60     1                 monthtab
  401050   401050      b89     1         <internal>:(.rodata.str1.1)
  401bdc   401bdc       30     4         long-options.o:(.rodata)
  401bdc   401bdc       30     1                 long_options
  401c0c   401c0c       e4     4 .eh_frame_hdr
  401c0c   401c0c       e4     4         <internal>:(.eh_frame_hdr)
  401cf0   401cf0      440     4 .eh_frame
  401cf0   401cf0      338     1         sort.o:(.eh_frame+0x0)
  402028   402028       28     1         error.o:(.eh_frame+0x18)
  402050   402050       28     1         long-options.o:(.eh_frame+0x18)
  402078   402078       4c     1         getopt.o:(.eh_frame+0x18)
  4020c4   4020c4       40     1         getopt1.o:(.eh_frame+0x18)
  402104   402104       28     1         xstrtod.o:(.eh_frame+0x18)
  403130   403130     46d8    16 .text
  403130   403130       83     4         $STAGING/sysroot/usr/lib/crt1.o:(.text)
  403130   403130       83     1                 _start
  4031b4   4031b4        0     4         $STAGING/sysroot/usr/lib/crti.o:(.text)
  4031b4   4031b4       5f     4         $STAGING/sysroot/usr/lib/crtbegin.o:(.text)
  403220   403220     3adc    16         sort.o:(.text)
  403220   403220       39     1                 trim_trailing_blanks
  403260   403260     138d     1                 main
  4045f0   4045f0       4f     1                 usage
  404640   404640       44     1                 sighandler
  404690   404690      2eb     1                 check
  404980   404980       24     1                 cleanup
  4049b0   4049b0       6c     1                 xfopen
  404a20   404a20       ce     1                 tempname
  404af0   404af0       79     1                 xfclose
  404b70   404b70      340     1                 merge
  404eb0   404eb0       e2     1                 fillbuf
  404fa0   404fa0      192     1                 findlines
  405140   405140      b4a     1                 compare
  405c90   405c90       50     1                 xrealloc
  405ce0   405ce0      1a6     1                 limfield
  405e90   405e90      127     1                 begfield
  405fc0   405fc0      346     1                 numcompare
  406310   406310       f2     1                 fraccompare
  406410   406410      71d     1                 mergefps
  406b30   406b30      1cc     1                 sortlines
  406d00   406d00       ce    16         error.o:(.text)
  406d00   406d00       ce     1                 error
  406dd0   406dd0        0     4         version.o:(.text)
  406dd0   406dd0       7a    16         long-options.o:(.text)
  406dd0   406dd0       7a     1                 parse_long_options
  406e50   406e50      8fc    16         getopt.o:(.text)
  406e50   406e50      8d9     1                 _getopt_internal
  407730   407730       1c     1                 getopt
  407750   407750       3e    16         getopt1.o:(.text)
  407750   407750       1e     1                 getopt_long
  407770   407770       1e     1                 getopt_long_only
  407790   407790       76    16         xstrtod.o:(.text)
  407790   407790       76     1                 xstrtod
  407808   407808        0     4         $STAGING/sysroot/usr/lib/crtend.o:(.text)
  407808   407808        0     4         $STAGING/sysroot/usr/lib/crtn.o:(.text)
  407808   407808        f     4 .init
  407808   407808        f     4         $STAGING/sysroot/usr/lib/crtbegin.o:(.init)
  407808   407808        f     1                 _init
  407818   407818        f     4 .fini
  407818   407818        f     4         $STAGING/sysroot/usr/lib/crtbegin.o:(.fini)
  407818   407818        f     1                 _fini
  407830   407830      240    16 .plt
  407830   407830      240    16         <internal>:(.plt)
  407840   407840        0     1                 atexit
  407850   407850        0     1                 exit
  407860   407860        0     1                 setlocale
  407870   407870        0     1                 getenv
  407880   407880        0     1                 signal
  407890   407890        0     1                 malloc
  4078a0   4078a0        0     1                 strcmp
  4078b0   4078b0        0     1                 stat
  4078c0   4078c0        0     1                 fstat
  4078d0   4078d0        0     1                 open
  4078e0   4078e0        0     1                 fdopen
  4078f0   4078f0        0     1                 fread
  407900   407900        0     1                 fwrite
  407910   407910        0     1                 __swbuf
  407920   407920        0     1                 __error
  407930   407930        0     1                 fprintf
  407940   407940        0     1                 free
  407950   407950        0     1                 unlink
  407960   407960        0     1                 fflush
  407970   407970        0     1                 fclose
  407980   407980        0     1                 printf
  407990   407990        0     1                 getpid
  4079a0   4079a0        0     1                 kill
  4079b0   4079b0        0     1                 memcpy
  4079c0   4079c0        0     1                 fopen
  4079d0   4079d0        0     1                 strlen
  4079e0   4079e0        0     1                 sprintf
  4079f0   4079f0        0     1                 memmove
  407a00   407a00        0     1                 memchr
  407a10   407a10        0     1                 strcoll
  407a20   407a20        0     1                 realloc
  407a30   407a30        0     1                 vfprintf
  407a40   407a40        0     1                 strerror
  407a50   407a50        0     1                 strncmp
  407a60   407a60        0     1                 strtod
  408a70   408a70        8     4 .dtors
  408a70   408a70        4     4         $STAGING/sysroot/usr/lib/crtbegin.o:(.dtors)
  408a74   408a74        4     4         $STAGING/sysroot/usr/lib/crtend.o:(.dtors)
  408a78   408a78        8     4 .ctors
  408a78   408a78        4     4         $STAGING/sysroot/usr/lib/crtbegin.o:(.ctors)
  408a7c   408a7c        4     4         $STAGING/sysroot/usr/lib/crtend.o:(.ctors)
  408a80   408a80       90     4 .dynamic
  408a80   408a80       90     4         <internal>:(.dynamic)
  408b10   408b10      4f0     1 .relro_padding
  408b10   408b10        0     1         <internal>:(.relro_padding)
  409b10   409b10       18     4 .data
  409b10   409b10        4     4         $STAGING/sysroot/usr/lib/crt1.o:(.data)
  409b10   409b10        4     1                 __progname
  409b14   409b14        0     4         $STAGING/sysroot/usr/lib/crti.o:(.data)
  409b14   409b14        8     4         $STAGING/sysroot/usr/lib/crtbegin.o:(.data)
  409b1c   409b1c        4     4         version.o:(.data)
  409b1c   409b1c        4     1                 version_string
  409b20   409b20        8     4         getopt.o:(.data)
  409b20   409b20        4     1                 opterr
  409b24   409b24        4     1                 optopt
  409b28   409b28        0     4         $STAGING/sysroot/usr/lib/crtend.o:(.data)
  409b28   409b28        0     4         $STAGING/sysroot/usr/lib/crtn.o:(.data)
  409b28   409b28       98     4 .got.plt
  409b28   409b28       98     4         <internal>:(.got.plt)
  409bc0   409bc0     1f08    32 .bss
  409bc0   409bc0        4     4         $STAGING/sysroot/usr/lib/crt1.o:(COMMON)
  409bc0   409bc0        4     1                 environ
  409bc4   409bc4        4     4         sort.o:(COMMON)
  409bc4   409bc4        4     1                 program_name
  409bc8   409bc8        4     4         error.o:(COMMON)
  409bc8   409bc8        4     1                 error_message_count
  409bcc   409bcc        0     4         $STAGING/sysroot/usr/lib/crt1.o:(.bss)
  409bcc   409bcc        0     4         $STAGING/sysroot/usr/lib/crti.o:(.bss)
  409bcc   409bcc        0     4         $STAGING/sysroot/usr/lib/crtbegin.o:(.bss)
  409bcc   409bcc     1158     4         sort.o:(.bss)
  409bcc   409bcc      400     1                 blanks
  409fcc   409fcc        1     1                 have_read_stdin
  409fd0   409fd0        4     1                 temp_file_prefix
  409fd4   409fd4      400     1                 digits
  40a3d4   40a3d4        1     1                 stable
  40a3d5   40a3d5        1     1                 tab
  40a3d8   40a3d8        1     1                 unique
  40a3dc   40a3dc       34     1                 keyhead
  40a410   40a410        4     1                 reverse
  40a414   40a414      400     1                 nonprinting
  40a814   40a814      400     1                 nondictionary
  40ac14   40ac14      100     1                 fold_toupper
  40ad14   40ad14        4     1                 COLLDIFF.s
  40ad18   40ad18        8     1                 temphead
  40ad20   40ad20        4     1                 tempname.seq
  40ad24   40ad24        4     4         error.o:(.bss)
  40ad24   40ad24        4     1                 error_print_progname
  40ad28   40ad28       1c     4         getopt.o:(.bss)
  40ad28   40ad28        4     1                 optarg
  40ad2c   40ad2c        4     1                 optind
  40ad30   40ad30        4     1                 nextchar
  40ad34   40ad34        4     1                 ordering
  40ad38   40ad38        4     1                 first_nonopt
  40ad3c   40ad3c        4     1                 last_nonopt
  40ad40   40ad40        4     1                 posixly_correct
  40ad44   40ad44        0     4         $STAGING/sysroot/usr/lib/crtend.o:(.bss)
  40ad44   40ad44        0     4         $STAGING/sysroot/usr/lib/crtn.o:(.bss)
  40ad44   40ad44        4     4         <internal>:(.bss)
  40ad44   40ad44        4     1                 _CurrentRuneLocale
  40ad60   40ad60      c54    32         <internal>:(.bss)
  40ad60   40ad60      c54     1                 _DefaultRuneLocale
  40b9c0   40b9c0      108    32         <internal>:(.bss)
  40b9c0   40b9c0      108     1                 __sF
       0        0       d8     1 .comment
       0        0       32     1         $STAGING/sysroot/usr/lib/crt1.o:(.comment)
      32       32       32     1         $STAGING/sysroot/usr/lib/crtbegin.o:(.comment)
      64       64       42     1         <internal>:(.comment)
      a6       a6       32     1         $STAGING/sysroot/usr/lib/crtend.o:(.comment)
       0        0       3c     1 .note
       0        0       14     1         $STAGING/sysroot/usr/lib/crt1.o:(.note)
      14       14       14     1         $STAGING/sysroot/usr/lib/crtbegin.o:(.note)
      28       28       14     1         $STAGING/sysroot/usr/lib/crtend.o:(.note)
       0        0      720     4 .symtab
       0        0      720     4         <internal>:(.symtab)
       0        0       e3     1 .shstrtab
       0        0       e3     1         <internal>:(.shstrtab)
       0        0      411     1 .strtab
       0        0      411     1         <internal>:(.strtab)
