
===== VALIDATION LOOP 0: BUILD =====


===== VALIDATION LOOP 1: BUILD =====

src/new_chmod/new_chmod.c:1:40: error: unknown type name 'size_t'
    1 | static int parse_clause(const char *s, size_t len, clause_t *out) {
      |                                        ^
src/new_chmod/new_chmod.c:1:52: error: unknown type name 'clause_t'
    1 | static int parse_clause(const char *s, size_t len, clause_t *out) {
      |                                                    ^
src/new_chmod/new_chmod.c:10:10: error: use of undeclared identifier 'size_t'; did you mean 'sizeof'?
   10 |     for (size_t i = 0; i < len; i++) {
      |          ^~~~~~
src/new_chmod/new_chmod.c:10:24: error: use of undeclared identifier 'i'
   10 |     for (size_t i = 0; i < len; i++) {
      |                        ^
src/new_chmod/new_chmod.c:10:33: error: use of undeclared identifier 'i'
   10 |     for (size_t i = 0; i < len; i++) {
      |                                 ^
src/new_chmod/new_chmod.c:11:20: error: use of undeclared identifier 'i'
   11 |         char c = s[i];
      |                    ^
6 errors generated.

===== VALIDATION LOOP 2: BUILD =====

src/new_chmod/new_chmod.c:1:40: error: unknown type name 'size_t'
    1 | static int parse_clause(const char *s, size_t len, clause_t *out) {
      |                                        ^
src/new_chmod/new_chmod.c:1:52: error: unknown type name 'clause_t'
    1 | static int parse_clause(const char *s, size_t len, clause_t *out) {
      |                                                    ^
src/new_chmod/new_chmod.c:10:10: error: use of undeclared identifier 'size_t'; did you mean 'sizeof'?
   10 |     for (size_t i = 0; i < len; i++) {
      |          ^~~~~~
src/new_chmod/new_chmod.c:10:24: error: use of undeclared identifier 'i'
   10 |     for (size_t i = 0; i < len; i++) {
      |                        ^
src/new_chmod/new_chmod.c:10:33: error: use of undeclared identifier 'i'
   10 |     for (size_t i = 0; i < len; i++) {
      |                                 ^
src/new_chmod/new_chmod.c:11:20: error: use of undeclared identifier 'i'
   11 |         char c = s[i];
      |                    ^
6 errors generated.
