
===== VALIDATION LOOP 0: BUILD =====


===== VALIDATION LOOP 1: BUILD =====


===== VALIDATION LOOP 2: BUILD =====

src/new_mkdir/new_mkdir.c:46:15: error: redefinition of 'orig_path'
   46 |         char *orig_path = argv[j];
      |               ^
src/new_mkdir/new_mkdir.c:32:15: note: previous definition is here
   32 |         char *orig_path = argv[j];
      |               ^
src/new_mkdir/new_mkdir.c:52:16: error: redefinition of 'len'
   52 |         size_t len = strlen(normalized_path);
      |                ^
src/new_mkdir/new_mkdir.c:38:16: note: previous definition is here
   38 |         size_t len = strlen(path);
      |                ^
src/new_mkdir/new_mkdir.c:64:15: error: redefinition of 'path' with a different type: 'char *' vs 'char[1024]'
   64 |         char *path = normalized_path;
      |               ^
src/new_mkdir/new_mkdir.c:33:14: note: previous definition is here
   33 |         char path[PATH_MAX];
      |              ^
src/new_mkdir/new_mkdir.c:65:15: error: redefinition of 'path' with a different type: 'char *' vs 'char[1024]'
   65 |         char *path = argv[j];
      |               ^
src/new_mkdir/new_mkdir.c:33:14: note: previous definition is here
   33 |         char path[PATH_MAX];
      |              ^
4 errors generated.

===== VALIDATION LOOP 3: BUILD =====

