
===== VALIDATION LOOP 0: BUILD =====


===== VALIDATION LOOP 1: BUILD =====

src/new_mkdir/new_mkdir.c:31:36: error: use of undeclared identifier 'path'
   31 |         char *last_slash = strrchr(path, '/');
      |                                    ^~~~
src/new_mkdir/new_mkdir.c:35:31: error: use of undeclared identifier 'path'
   35 |             dir = "."; base = path;
      |                               ^~~~
src/new_mkdir/new_mkdir.c:37:31: error: use of undeclared identifier 'path'
   37 |             if (last_slash == path) dir = "/";
      |                               ^~~~
src/new_mkdir/new_mkdir.c:39:31: error: use of undeclared identifier 'path'
   39 |                 dir = strndup(path, last_slash - path);
      |                               ^~~~
src/new_mkdir/new_mkdir.c:39:50: error: use of undeclared identifier 'path'
   39 |                 dir = strndup(path, last_slash - path);
      |                                                  ^~~~
src/new_mkdir/new_mkdir.c:46:14: error: use of undeclared identifier 'path'
   46 |         free(path);
      |              ^~~~
src/new_mkdir/new_mkdir.c:48:88: error: use of undeclared identifier 'path'
   48 |             fprintf(stderr, "new_mkdir: cannot create directory '%s': invalid name\n", path);
      |                                                                                        ^~~~
src/new_mkdir/new_mkdir.c:49:60: error: 'continue' statement not in loop statement
   49 |             all_success = 0; if (dir_allocated) free(dir); continue;
      |                                                            ^
src/new_mkdir/new_mkdir.c:54:78: error: use of undeclared identifier 'path'
   54 |             fprintf(stderr, "new_mkdir: cannot create directory '%s': %s\n", path, strerror(errno));
      |                                                                              ^~~~
src/new_mkdir/new_mkdir.c:55:60: error: 'continue' statement not in loop statement
   55 |             all_success = 0; if (dir_allocated) free(dir); continue;
      |                                                            ^
src/new_mkdir/new_mkdir.c:58:91: error: use of undeclared identifier 'path'
   58 |             fprintf(stderr, "new_mkdir: cannot create directory '%s': Not a directory\n", path);
      |                                                                                           ^~~~
src/new_mkdir/new_mkdir.c:59:60: error: 'continue' statement not in loop statement
   59 |             all_success = 0; if (dir_allocated) free(dir); continue;
      |                                                            ^
src/new_mkdir/new_mkdir.c:74:87: error: use of undeclared identifier 'path'
   74 |             fprintf(stderr, "new_mkdir: cannot create directory '%s': File exists\n", path);
      |                                                                                       ^~~~
src/new_mkdir/new_mkdir.c:75:77: error: 'continue' statement not in loop statement
   75 |             all_success = 0; free(full_path); if (dir_allocated) free(dir); continue;
      |                                                                             ^
src/new_mkdir/new_mkdir.c:79:78: error: use of undeclared identifier 'path'
   79 |             fprintf(stderr, "new_mkdir: cannot create directory '%s': %s\n", path, strerror(errno));
      |                                                                              ^~~~
src/new_mkdir/new_mkdir.c:86:5: error: expected identifier or '('
   86 |     return all_success ? 0 : 1;
      |     ^
src/new_mkdir/new_mkdir.c:87:1: error: extraneous closing brace ('}')
   87 | }
      | ^
17 errors generated.

===== VALIDATION LOOP 2: BUILD =====

