
===== VALIDATION LOOP 0: BUILD =====


===== VALIDATION LOOP 1: BUILD =====

src/new_mkdir/new_mkdir.c:69:27: error: use of undeclared identifier 'operand'; did you mean 'operands'?
   69 |         if (last_slash == operand) {
      |                           ^~~~~~~
      |                           operands
src/new_mkdir/new_mkdir.c:14:12: note: 'operands' declared here
   14 |     char **operands = NULL;
      |            ^
src/new_mkdir/new_mkdir.c:69:24: error: comparison of distinct pointer types ('const char *' and 'char **') [-Werror,-Wcompare-distinct-pointer-types]
   69 |         if (last_slash == operand) {
      |             ~~~~~~~~~~ ^  ~~~~~~~
src/new_mkdir/new_mkdir.c:73:30: error: use of undeclared identifier 'operand'; did you mean 'operands'?
   73 |             parent = strndup(operand, last_slash - operand);
      |                              ^~~~~~~
      |                              operands
src/new_mkdir/new_mkdir.c:14:12: note: 'operands' declared here
   14 |     char **operands = NULL;
      |            ^
src/new_mkdir/new_mkdir.c:73:52: error: use of undeclared identifier 'operand'; did you mean 'operands'?
   73 |             parent = strndup(operand, last_slash - operand);
      |                                                    ^~~~~~~
      |                                                    operands
src/new_mkdir/new_mkdir.c:14:12: note: 'operands' declared here
   14 |     char **operands = NULL;
      |            ^
src/new_mkdir/new_mkdir.c:73:50: error: 'const char *' and 'char **' are not pointers to compatible types
   73 |             parent = strndup(operand, last_slash - operand);
      |                                       ~~~~~~~~~~ ^ ~~~~~~~
src/new_mkdir/new_mkdir.c:77:27: error: use of undeclared identifier 'operand'; did you mean 'operands'?
   77 |             base = strdup(operand);
      |                           ^~~~~~~
      |                           operands
src/new_mkdir/new_mkdir.c:14:12: note: 'operands' declared here
   14 |     char **operands = NULL;
      |            ^
src/new_mkdir/new_mkdir.c:77:27: error: incompatible pointer types passing 'char **' to parameter of type 'const char *'; dereference with * [-Werror,-Wincompatible-pointer-types]
   77 |             base = strdup(operand);
      |                           ^~~~~~~
      |                           *
/Library/Developer/CommandLineTools/SDKs/MacOSX.sdk/usr/include/_string.h:141:40: note: passing argument to parameter '__s1' here
  141 | char *_LIBC_CSTR    strdup(const char *__s1);
      |                                        ^
src/new_mkdir/new_mkdir.c:88:101: error: use of undeclared identifier 'operand'; did you mean 'operands'?
   88 |             fprintf(stderr, "new_mkdir: cannot create directory '%s': No such file or directory\n", operand);
      |                                                                                                     ^~~~~~~
      |                                                                                                     operands
src/new_mkdir/new_mkdir.c:14:12: note: 'operands' declared here
   14 |     char **operands = NULL;
      |            ^
src/new_mkdir/new_mkdir.c:88:101: error: format specifies type 'char *' but the argument has type 'char **' [-Werror,-Wformat]
   88 |             fprintf(stderr, "new_mkdir: cannot create directory '%s': No such file or directory\n", operand);
      |                                                                  ~~                                 ^~~~~~~
src/new_mkdir/new_mkdir.c:93:91: error: use of undeclared identifier 'operand'; did you mean 'operands'?
   93 |             fprintf(stderr, "new_mkdir: cannot create directory '%s': Not a directory\n", operand);
      |                                                                                           ^~~~~~~
      |                                                                                           operands
src/new_mkdir/new_mkdir.c:14:12: note: 'operands' declared here
   14 |     char **operands = NULL;
      |            ^
src/new_mkdir/new_mkdir.c:93:91: error: format specifies type 'char *' but the argument has type 'char **' [-Werror,-Wformat]
   93 |             fprintf(stderr, "new_mkdir: cannot create directory '%s': Not a directory\n", operand);
      |                                                                  ~~                       ^~~~~~~
src/new_mkdir/new_mkdir.c:99:18: error: use of undeclared identifier 'operand'; did you mean 'operands'?
   99 |         if (stat(operand, &st) == 0) {
      |                  ^~~~~~~
      |                  operands
src/new_mkdir/new_mkdir.c:14:12: note: 'operands' declared here
   14 |     char **operands = NULL;
      |            ^
src/new_mkdir/new_mkdir.c:99:18: error: incompatible pointer types passing 'char **' to parameter of type 'const char *'; dereference with * [-Werror,-Wincompatible-pointer-types]
   99 |         if (stat(operand, &st) == 0) {
      |                  ^~~~~~~
      |                  *
/Library/Developer/CommandLineTools/SDKs/MacOSX.sdk/usr/include/sys/stat.h:387:26: note: passing argument to parameter here
  387 | int     stat(const char *, struct stat *) __DARWIN_INODE64(stat);
      |                          ^
src/new_mkdir/new_mkdir.c:100:87: error: use of undeclared identifier 'operand'; did you mean 'operands'?
  100 |             fprintf(stderr, "new_mkdir: cannot create directory '%s': File exists\n", operand);
      |                                                                                       ^~~~~~~
      |                                                                                       operands
src/new_mkdir/new_mkdir.c:14:12: note: 'operands' declared here
   14 |     char **operands = NULL;
      |            ^
src/new_mkdir/new_mkdir.c:100:87: error: format specifies type 'char *' but the argument has type 'char **' [-Werror,-Wformat]
  100 |             fprintf(stderr, "new_mkdir: cannot create directory '%s': File exists\n", operand);
      |                                                                  ~~                   ^~~~~~~
src/new_mkdir/new_mkdir.c:107:78: error: use of undeclared identifier 'operand'; did you mean 'operands'?
  107 |             fprintf(stderr, "new_mkdir: cannot create directory '%s': %s\n", operand, strerror(errno));
      |                                                                              ^~~~~~~
      |                                                                              operands
src/new_mkdir/new_mkdir.c:14:12: note: 'operands' declared here
   14 |     char **operands = NULL;
      |            ^
src/new_mkdir/new_mkdir.c:107:78: error: format specifies type 'char *' but the argument has type 'char **' [-Werror,-Wformat]
  107 |             fprintf(stderr, "new_mkdir: cannot create directory '%s': %s\n", operand, strerror(errno));
      |                                                                  ~~          ^~~~~~~
17 errors generated.

===== VALIDATION LOOP 2: BUILD =====

src/new_mkdir/new_mkdir.c:69:27: error: use of undeclared identifier 'operand_orig'; did you mean 'operand_origs'?
   69 |         if (last_slash == operand_orig) {
      |                           ^~~~~~~~~~~~
      |                           operand_origs
src/new_mkdir/new_mkdir.c:14:12: note: 'operand_origs' declared here
   14 |     char **operand_origs = NULL;
      |            ^
src/new_mkdir/new_mkdir.c:69:24: error: comparison of distinct pointer types ('const char *' and 'char **') [-Werror,-Wcompare-distinct-pointer-types]
   69 |         if (last_slash == operand_orig) {
      |             ~~~~~~~~~~ ^  ~~~~~~~~~~~~
src/new_mkdir/new_mkdir.c:88:101: error: use of undeclared identifier 'operand_orig'; did you mean 'operand_origs'?
   88 |             fprintf(stderr, "new_mkdir: cannot create directory '%s': No such file or directory\n", operand_orig);
      |                                                                                                     ^~~~~~~~~~~~
      |                                                                                                     operand_origs
src/new_mkdir/new_mkdir.c:14:12: note: 'operand_origs' declared here
   14 |     char **operand_origs = NULL;
      |            ^
src/new_mkdir/new_mkdir.c:88:101: error: format specifies type 'char *' but the argument has type 'char **' [-Werror,-Wformat]
   88 |             fprintf(stderr, "new_mkdir: cannot create directory '%s': No such file or directory\n", operand_orig);
      |                                                                  ~~                                 ^~~~~~~~~~~~
src/new_mkdir/new_mkdir.c:93:91: error: use of undeclared identifier 'operand_orig'; did you mean 'operand_origs'?
   93 |             fprintf(stderr, "new_mkdir: cannot create directory '%s': Not a directory\n", operand_orig);
      |                                                                                           ^~~~~~~~~~~~
      |                                                                                           operand_origs
src/new_mkdir/new_mkdir.c:14:12: note: 'operand_origs' declared here
   14 |     char **operand_origs = NULL;
      |            ^
src/new_mkdir/new_mkdir.c:93:91: error: format specifies type 'char *' but the argument has type 'char **' [-Werror,-Wformat]
   93 |             fprintf(stderr, "new_mkdir: cannot create directory '%s': Not a directory\n", operand_orig);
      |                                                                  ~~                       ^~~~~~~~~~~~
src/new_mkdir/new_mkdir.c:99:18: error: use of undeclared identifier 'operand_orig'; did you mean 'operand_origs'?
   99 |         if (stat(operand_orig, &st) == 0) {
      |                  ^~~~~~~~~~~~
      |                  operand_origs
src/new_mkdir/new_mkdir.c:14:12: note: 'operand_origs' declared here
   14 |     char **operand_origs = NULL;
      |            ^
src/new_mkdir/new_mkdir.c:99:18: error: incompatible pointer types passing 'char **' to parameter of type 'const char *'; dereference with * [-Werror,-Wincompatible-pointer-types]
   99 |         if (stat(operand_orig, &st) == 0) {
      |                  ^~~~~~~~~~~~
      |                  *
/Library/Developer/CommandLineTools/SDKs/MacOSX.sdk/usr/include/sys/stat.h:387:26: note: passing argument to parameter here
  387 | int     stat(const char *, struct stat *) __DARWIN_INODE64(stat);
      |                          ^
src/new_mkdir/new_mkdir.c:100:87: error: use of undeclared identifier 'operand_orig'; did you mean 'operand_origs'?
  100 |             fprintf(stderr, "new_mkdir: cannot create directory '%s': File exists\n", operand_orig);
      |                                                                                       ^~~~~~~~~~~~
      |                                                                                       operand_origs
src/new_mkdir/new_mkdir.c:14:12: note: 'operand_origs' declared here
   14 |     char **operand_origs = NULL;
      |            ^
src/new_mkdir/new_mkdir.c:100:87: error: format specifies type 'char *' but the argument has type 'char **' [-Werror,-Wformat]
  100 |             fprintf(stderr, "new_mkdir: cannot create directory '%s': File exists\n", operand_orig);
      |                                                                  ~~                   ^~~~~~~~~~~~
src/new_mkdir/new_mkdir.c:107:78: error: use of undeclared identifier 'operand_orig'; did you mean 'operand_origs'?
  107 |             fprintf(stderr, "new_mkdir: cannot create directory '%s': %s\n", operand_orig, strerror(errno));
      |                                                                              ^~~~~~~~~~~~
      |                                                                              operand_origs
src/new_mkdir/new_mkdir.c:14:12: note: 'operand_origs' declared here
   14 |     char **operand_origs = NULL;
      |            ^
src/new_mkdir/new_mkdir.c:107:78: error: format specifies type 'char *' but the argument has type 'char **' [-Werror,-Wformat]
  107 |             fprintf(stderr, "new_mkdir: cannot create directory '%s': %s\n", operand_orig, strerror(errno));
      |                                                                  ~~          ^~~~~~~~~~~~
12 errors generated.

===== VALIDATION LOOP 3: BUILD =====

src/new_mkdir/new_mkdir.c:69:27: error: use of undeclared identifier 'trimmed_orig'
   69 |         if (last_slash == trimmed_orig) {
      |                           ^~~~~~~~~~~~
src/new_mkdir/new_mkdir.c:88:97: error: use of undeclared identifier 'operand_orig_orig'; did you mean 'operand_orig_origs'?
   88 |             fprintf(stderr, "mkdir: cannot create directory '%s': No such file or directory\n", operand_orig_orig);
      |                                                                                                 ^~~~~~~~~~~~~~~~~
      |                                                                                                 operand_orig_origs
src/new_mkdir/new_mkdir.c:14:12: note: 'operand_orig_origs' declared here
   14 |     char **operand_orig_origs = NULL;
      |            ^
src/new_mkdir/new_mkdir.c:88:97: error: format specifies type 'char *' but the argument has type 'char **' [-Werror,-Wformat]
   88 |             fprintf(stderr, "mkdir: cannot create directory '%s': No such file or directory\n", operand_orig_orig);
      |                                                              ~~                                 ^~~~~~~~~~~~~~~~~
src/new_mkdir/new_mkdir.c:93:87: error: use of undeclared identifier 'operand_orig_orig'; did you mean 'operand_orig_origs'?
   93 |             fprintf(stderr, "mkdir: cannot create directory '%s': Not a directory\n", operand_orig_orig);
      |                                                                                       ^~~~~~~~~~~~~~~~~
      |                                                                                       operand_orig_origs
src/new_mkdir/new_mkdir.c:14:12: note: 'operand_orig_origs' declared here
   14 |     char **operand_orig_origs = NULL;
      |            ^
src/new_mkdir/new_mkdir.c:93:87: error: format specifies type 'char *' but the argument has type 'char **' [-Werror,-Wformat]
   93 |             fprintf(stderr, "mkdir: cannot create directory '%s': Not a directory\n", operand_orig_orig);
      |                                                              ~~                       ^~~~~~~~~~~~~~~~~
src/new_mkdir/new_mkdir.c:99:18: error: use of undeclared identifier 'operand_orig_orig'; did you mean 'operand_orig_origs'?
   99 |         if (stat(operand_orig_orig, &st) == 0) {
      |                  ^~~~~~~~~~~~~~~~~
      |                  operand_orig_origs
src/new_mkdir/new_mkdir.c:14:12: note: 'operand_orig_origs' declared here
   14 |     char **operand_orig_origs = NULL;
      |            ^
src/new_mkdir/new_mkdir.c:99:18: error: incompatible pointer types passing 'char **' to parameter of type 'const char *'; dereference with * [-Werror,-Wincompatible-pointer-types]
   99 |         if (stat(operand_orig_orig, &st) == 0) {
      |                  ^~~~~~~~~~~~~~~~~
      |                  *
/Library/Developer/CommandLineTools/SDKs/MacOSX.sdk/usr/include/sys/stat.h:387:26: note: passing argument to parameter here
  387 | int     stat(const char *, struct stat *) __DARWIN_INODE64(stat);
      |                          ^
src/new_mkdir/new_mkdir.c:100:83: error: use of undeclared identifier 'operand_orig_orig'; did you mean 'operand_orig_origs'?
  100 |             fprintf(stderr, "mkdir: cannot create directory '%s': File exists\n", operand_orig_orig);
      |                                                                                   ^~~~~~~~~~~~~~~~~
      |                                                                                   operand_orig_origs
src/new_mkdir/new_mkdir.c:14:12: note: 'operand_orig_origs' declared here
   14 |     char **operand_orig_origs = NULL;
      |            ^
src/new_mkdir/new_mkdir.c:100:83: error: format specifies type 'char *' but the argument has type 'char **' [-Werror,-Wformat]
  100 |             fprintf(stderr, "mkdir: cannot create directory '%s': File exists\n", operand_orig_orig);
      |                                                              ~~                   ^~~~~~~~~~~~~~~~~
src/new_mkdir/new_mkdir.c:107:74: error: use of undeclared identifier 'operand_orig_orig'; did you mean 'operand_orig_origs'?
  107 |             fprintf(stderr, "mkdir: cannot create directory '%s': %s\n", operand_orig_orig, strerror(errno));
      |                                                                          ^~~~~~~~~~~~~~~~~
      |                                                                          operand_orig_origs
src/new_mkdir/new_mkdir.c:14:12: note: 'operand_orig_origs' declared here
   14 |     char **operand_orig_origs = NULL;
      |            ^
src/new_mkdir/new_mkdir.c:107:74: error: format specifies type 'char *' but the argument has type 'char **' [-Werror,-Wformat]
  107 |             fprintf(stderr, "mkdir: cannot create directory '%s': %s\n", operand_orig_orig, strerror(errno));
      |                                                              ~~          ^~~~~~~~~~~~~~~~~
11 errors generated.
