     VMA      LMA     Size Align Out     In      Symbol
  400194   400194       19     1 .interp
  400194   400194       19     1         <internal>:(.interp)
  4001b0   4001b0       18     4 .note.ABI-tag
  4001b0   4001b0       18     4         $STAGING/sysroot/usr/lib/crt1.o:(.note.ABI-tag)
  4001c8   4001c8      390     4 .dynsym
  4001c8   4001c8      390     4         <internal>:(.dynsym)
  400558   400558      194     4 .gnu.hash
  400558   400558      194     4         <internal>:(.gnu.hash)
  4006ec   4006ec      1d0     4 .hash
  4006ec   4006ec      1d0     4         <internal>:(.hash)
  4008bc   4008bc      1c1     1 .dynstr
  4008bc   4008bc      1c1     1         <internal>:(.dynstr)
  400a80   400a80       10     4 .rel.dyn
  400a80   400a80       10     4         <internal>:(.rel.dyn)
  400a90   400a90      160     4 .rel.plt
  400a90   400a90      160     4         <internal>:(.rel.plt)
  400bf0   400bf0      481     4 .rodata
  400bf0   400bf0      2df     1         <internal>:(.rodata.str1.1)
  400ecf   400ecf       4d     1         $STAGING/sysroot/usr/lib/crti.o:(.rodata)
  400f1c   400f1c      108     4         cp.o:(.rodata)
  401024   401024       4d     1         $STAGING/sysroot/usr/lib/crtn.o:(.rodata)
  401074   401074       54     4 .eh_frame_hdr
  401074   401074       54     4         <internal>:(.eh_frame_hdr)
  4010c8   4010c8      174     4 .eh_frame
  4010c8   4010c8       88     1         cp.o:(.eh_frame+0x0)
  401150   401150       e8     1         utils.o:(.eh_frame+0x18)
  402240   402240     10e4    16 .text
  402240   402240       8d    16         $STAGING/sysroot/usr/lib/crt1.o:(.text)
  402240   402240       8d     1                 _start
  4022d0   4022d0        0     4         $STAGING/sysroot/usr/lib/crti.o:(.text)
  4022d0   4022d0       a5    16         $STAGING/sysroot/usr/lib/crtbegin.o:(.text)
  4022d0   4022d0        0     1                 __do_global_dtors_aux
  402330   402330        0     1                 frame_dummy
  402380   402380      89f    16         cp.o:(.text)
  402380   402380      377     1                 main
  402700   402700      4ce     1                 copy
  402bd0   402bd0       4f     1                 mastercmp
  402c20   402c20      697    16         utils.o:(.text)
  402c20   402c20      337     1                 copy_file
  402f60   402f60      1b7     1                 setfile
  403120   403120       93     1                 copy_link
  4031c0   4031c0       74     1                 copy_fifo
  403240   403240       77     1                 copy_special
  4032c0   4032c0       27    16         utils.o:(.text.unlikely.)
  4032c0   4032c0       27     1                 usage
  4032f0   4032f0       31    16         $STAGING/sysroot/usr/lib/crtend.o:(.text)
  4032f0   4032f0        0     1                 __do_global_ctors_aux
  403324   403324        0     4         $STAGING/sysroot/usr/lib/crtn.o:(.text)
  403324   403324        b     4 .init
  403324   403324        0     4         $STAGING/sysroot/usr/lib/crti.o:(.init)
  403324   403324        0     1                 _init
  403324   403324        5     1         $STAGING/sysroot/usr/lib/crtbegin.o:(.init)
  403329   403329        5     1         $STAGING/sysroot/usr/lib/crtend.o:(.init)
  40332e   40332e        1     1         $STAGING/sysroot/usr/lib/crtn.o:(.init)
  403330   403330        6     4 .fini
  403330   403330        0     4         $STAGING/sysroot/usr/lib/crti.o:(.fini)
  403330   403330        0     1                 _fini
  403330   403330        5     1         $STAGING/sysroot/usr/lib/crtbegin.o:(.fini)
  403335   403335        1     1         $STAGING/sysroot/usr/lib/crtn.o:(.fini)
  403340   403340      2d0    16 .plt
  403340   403340      2d0    16         <internal>:(.plt)
  403350   403350        0     1                 atexit
  403360   403360        0     1                 exit
  403370   403370        0     1                 getopt
  403380   403380        0     1                 errx
  403390   403390        0     1                 strlcpy
  4033a0   4033a0        0     1                 strlen
  4033b0   4033b0        0     1                 stat
  4033c0   4033c0        0     1                 __error
  4033d0   4033d0        0     1                 err
  4033e0   4033e0        0     1                 lstat
  4033f0   4033f0        0     1                 umask
  403400   403400        0     1                 fts_open
  403410   403410        0     1                 fts_read
  403420   403420        0     1                 strerror
  403430   403430        0     1                 warnx
  403440   403440        0     1                 strrchr
  403450   403450        0     1                 strcmp
  403460   403460        0     1                 strncat
  403470   403470        0     1                 fts_set
  403480   403480        0     1                 chmod
  403490   403490        0     1                 warn
  4034a0   4034a0        0     1                 printf
  4034b0   4034b0        0     1                 mkdir
  4034c0   4034c0        0     1                 open
  4034d0   4034d0        0     1                 mmap
  4034e0   4034e0        0     1                 write
  4034f0   4034f0        0     1                 munmap
  403500   403500        0     1                 read
  403510   403510        0     1                 close
  403520   403520        0     1                 fprintf
  403530   403530        0     1                 getchar
  403540   403540        0     1                 unlink
  403560   403560        0     1                 utimes
  403570   403570        0     1                 fstat
  403580   403580        0     1                 fchown
  403590   403590        0     1                 chown
  4035a0   4035a0        0     1                 fchmod
  4035b0   4035b0        0     1                 fchflags
  4035c0   4035c0        0     1                 chflags
  4035d0   4035d0        0     1                 readlink
  4035e0   4035e0        0     1                 symlink
  4035f0   4035f0        0     1                 mkfifo
  403600   403600        0     1                 mknod
  404610   404610        8     4 .ctors
  404610   404610        4     4         $STAGING/sysroot/usr/lib/crtbegin.o:(.ctors)
  404610   404610        0     1                 __CTOR_LIST__
  404614   404614        4     4         $STAGING/sysroot/usr/lib/crtend.o:(.ctors)
  404614   404614        0     1                 __CTOR_END__
  404618   404618        8     4 .dtors
  404618   404618        4     4         $STAGING/sysroot/usr/lib/crtbegin.o:(.dtors)
  404618   404618        0     1                 __DTOR_LIST__
  40461c   40461c        4     4         $STAGING/sysroot/usr/lib/crtend.o:(.dtors)
  40461c   40461c        0     1                 __DTOR_END__
  404620   404620        4     4 .jcr
  404620   404620        0     4         $STAGING/sysroot/usr/lib/crtbegin.o:(.jcr)
  404620   404620        0     1                 __JCR_LIST__
  404620   404620        4     4         $STAGING/sysroot/usr/lib/crtend.o:(.jcr)
  404620   404620        0     1                 __JCR_END__
  404624   404624       90     4 .dynamic
  404624   404624       90     4         <internal>:(.dynamic)
  4046b4   4046b4      94c     1 .relro_padding
  4046b4   4046b4        0     1         <internal>:(.relro_padding)
  4056b4   4056b4      414     4 .data
  4056b4   4056b4        4     4         $STAGING/sysroot/usr/lib/crt1.o:(.data)
  4056b4   4056b4        4     1                 __progname
  4056b8   4056b8        0     4         $STAGING/sysroot/usr/lib/crti.o:(.data)
  4056b8   4056b8        8     4         $STAGING/sysroot/usr/lib/crtbegin.o:(.data)
  4056b8   4056b8        0     1                 __dso_handle
  4056bc   4056bc        0     1                 p.0
  4056c0   4056c0      408     4         cp.o:(.data)
  4056c0   4056c0      408     1                 to
  405ac8   405ac8        0     4         $STAGING/sysroot/usr/lib/crtend.o:(.data)
  405ac8   405ac8        0     4         $STAGING/sysroot/usr/lib/crtn.o:(.data)
  405ac8   405ac8       bc     4 .got.plt
  405ac8   405ac8       bc     4         <internal>:(.got.plt)
  405b90   405b90    10064    16 .bss
  405b90   405b90        4     4         $STAGING/sysroot/usr/lib/crt1.o:(COMMON)
  405b90   405b90        4     1                 environ
  405b94   405b94        4     4         cp.o:(COMMON)
  405b94   405b94        4     1                 pflag
  405b98   405b98        4     4         cp.o:(COMMON)
  405b98   405b98        4     1                 iflag
  405b9c   405b9c        4     4         cp.o:(COMMON)
  405b9c   405b9c        4     1                 nflag
  405ba0   405ba0        4     4         cp.o:(COMMON)
  405ba0   405ba0        4     1                 fflag
  405ba4   405ba4        4     4         cp.o:(COMMON)
  405ba4   405ba4        4     1                 vflag
  405ba8   405ba8        0     4         $STAGING/sysroot/usr/lib/crt1.o:(.bss)
  405ba8   405ba8        0     4         $STAGING/sysroot/usr/lib/crti.o:(.bss)
  405ba8   405ba8       1c     4         $STAGING/sysroot/usr/lib/crtbegin.o:(.bss)
  405ba8   405ba8        1     1                 completed.1
  405bac   405bac       18     1                 object.2
  405bc4   405bc4        9     4         cp.o:(.bss)
  405bc4   405bc4        1     1                 emptystring
  405bc8   405bc8        1     1                 Rflag
  405bcc   405bcc        1     1                 rflag
  405bd0   405bd0    10010     4         utils.o:(.bss)
  405bd0   405bd0    10000     1                 copy_file.buf
  415bd0   415bd0       10     1                 setfile.tv
  415be0   415be0        0     4         $STAGING/sysroot/usr/lib/crtend.o:(.bss)
  415be0   415be0        0     4         $STAGING/sysroot/usr/lib/crtn.o:(.bss)
  415be0   415be0        4    16         <internal>:(.bss)
  415be0   415be0        4     1                 optind
  415bf0   415bf0        4    16         <internal>:(.bss)
  415bf0   415bf0        4     1                 __stderrp
       0        0      124     1 .comment
       0        0       7a     1         $STAGING/sysroot/usr/lib/crt1.o:(.comment)
      7a       7a       2f     1         $STAGING/sysroot/usr/lib/crtbegin.o:(.comment)
      a9       a9       4c     1         <internal>:(.comment)
      f5       f5       2f     1         $STAGING/sysroot/usr/lib/crtend.o:(.comment)
       0        0      620     4 .symtab
       0        0      620     4         <internal>:(.symtab)
       0        0       e2     1 .shstrtab
       0        0       e2     1         <internal>:(.shstrtab)
       0        0      357     1 .strtab
       0        0      357     1         <internal>:(.strtab)
