
===== VALIDATION LOOP 0: BUILD =====


===== VALIDATION LOOP 1: BUILD =====

src/new_mkdir/new_mkdir.c:60:10: error: expected expression
   60 | +        const char *slash = strrchr(path, '/');
      |          ^
src/new_mkdir/new_mkdir.c:61:10: error: expected expression
   61 | +        char parent[PATH_MAX];
      |          ^
src/new_mkdir/new_mkdir.c:62:10: error: expected expression
   62 | +        if (slash) {
      |          ^
src/new_mkdir/new_mkdir.c:76:10: error: expected expression
   76 | +        if (stat(parent, &sb) != 0) {
      |          ^
src/new_mkdir/new_mkdir.c:89:10: error: expected expression
   89 | +        if (stat(path, &dummy) == 0) {
      |          ^
5 errors generated.

===== VALIDATION LOOP 2: BUILD =====

src/new_mkdir/new_mkdir.c:30:9: error: expression result unused [-Werror,-Wunused-value]
   30 |         operand_count;
      |         ^~~~~~~~~~~~~
1 error generated.

===== VALIDATION LOOP 3: BUILD =====

