
===== VALIDATION LOOP 0: BUILD =====

src/new_chmod/new_chmod.c:180:16: error: variable 'noperands' is used uninitialized whenever 'if' condition is true [-Werror,-Wsometimes-uninitialized]
  180 |     } else if (argv[1][0] == '-') {
      |                ^~~~~~~~~~~~~~~~~
src/new_chmod/new_chmod.c:191:9: note: uninitialized use occurs here
  191 |     if (noperands < 1)
      |         ^~~~~~~~~
src/new_chmod/new_chmod.c:180:12: note: remove the 'if' if its condition is always false
  180 |     } else if (argv[1][0] == '-') {
      |            ^~~~~~~~~~~~~~~~~~~~~~~~
  181 |         fprintf(stderr, "new_chmod: unknown option: %s\n", argv[1]);
      |         ~~~~~~~~~~~~~~~~~~~~~~~~~~~~~~~~~~~~~~~~~~~~~~~~~~~~~~~~~~~~
  182 |         die_usage();
      |         ~~~~~~~~~~~~
  183 |     } else {
      |     ~~~~~~
src/new_chmod/new_chmod.c:172:18: note: initialize the variable 'noperands' to silence this warning
  172 |     int noperands;
      |                  ^
      |                   = 0
src/new_chmod/new_chmod.c:180:16: error: variable 'mode_str' is used uninitialized whenever 'if' condition is true [-Werror,-Wsometimes-uninitialized]
  180 |     } else if (argv[1][0] == '-') {
      |                ^~~~~~~~~~~~~~~~~
src/new_chmod/new_chmod.c:199:25: note: uninitialized use occurs here
  199 |     if (is_octal_string(mode_str)) {
      |                         ^~~~~~~~
src/new_chmod/new_chmod.c:180:12: note: remove the 'if' if its condition is always false
  180 |     } else if (argv[1][0] == '-') {
      |            ^~~~~~~~~~~~~~~~~~~~~~~~
  181 |         fprintf(stderr, "new_chmod: unknown option: %s\n", argv[1]);
      |         ~~~~~~~~~~~~~~~~~~~~~~~~~~~~~~~~~~~~~~~~~~~~~~~~~~~~~~~~~~~~
  182 |         die_usage();
      |         ~~~~~~~~~~~~
  183 |     } else {
      |     ~~~~~~
src/new_chmod/new_chmod.c:170:25: note: initialize the variable 'mode_str' to silence this warning
  170 |     const char *mode_str;
      |                         ^
      |                          = NULL
2 errors generated.

===== VALIDATION LOOP 1: BUILD =====

src/new_chmod/new_chmod.c:5:5: error: call to undeclared function 'fprintf'; ISO C99 and later do not support implicit function declarations [-Wimplicit-function-declaration]
    5 |     fprintf(stderr, "usage: new_chmod MODE FILE...\n");
      |     ^
src/new_chmod/new_chmod.c:5:5: error: declaration of built-in function 'fprintf' requires inclusion of the header <stdio.h> [-Werror,-Wbuiltin-requires-header]
src/new_chmod/new_chmod.c:5:13: error: use of undeclared identifier 'stderr'
    5 |     fprintf(stderr, "usage: new_chmod MODE FILE...\n");
      |             ^~~~~~
src/new_chmod/new_chmod.c:6:5: error: call to undeclared library function 'exit' with type 'void (int) __attribute__((noreturn))'; ISO C99 and later do not support implicit function declarations [-Wimplicit-function-declaration]
    6 |     exit(1);
      |     ^
src/new_chmod/new_chmod.c:6:5: note: include the header <stdlib.h> or explicitly provide a declaration for 'exit'
src/new_chmod/new_chmod.c:14:28: error: use of undeclared identifier 'NULL'
   14 |     const char *mode_str = NULL;
      |                            ^~~~
src/new_chmod/new_chmod.c:15:23: error: use of undeclared identifier 'NULL'
   15 |     char **operands = NULL;
      |                       ^~~~
src/new_chmod/new_chmod.c:18:9: error: call to undeclared library function 'strcmp' with type 'int (const char *, const char *)'; ISO C99 and later do not support implicit function declarations [-Wimplicit-function-declaration]
   18 |     if (strcmp(argv[1], "--") == 0) {
      |         ^
src/new_chmod/new_chmod.c:18:9: note: include the header <string.h> or explicitly provide a declaration for 'strcmp'
src/new_chmod/new_chmod.c:25:9: error: call to undeclared function 'fprintf'; ISO C99 and later do not support implicit function declarations [-Wimplicit-function-declaration]
   25 |         fprintf(stderr, "new_chmod: unknown option: %s\n", argv[1]);
      |         ^
src/new_chmod/new_chmod.c:25:17: error: use of undeclared identifier 'stderr'
   25 |         fprintf(stderr, "new_chmod: unknown option: %s\n", argv[1]);
      |                 ^~~~~~
src/new_chmod/new_chmod.c:39:5: error: use of undeclared identifier 'bool'
   39 |     bool octal = false;
      |     ^~~~
src/new_chmod/new_chmod.c:41:5: error: use of undeclared identifier 'symbolic_mode_t'
   41 |     symbolic_mode_t sm;
      |     ^~~~~~~~~~~~~~~
src/new_chmod/new_chmod.c:43:9: error: call to undeclared function 'is_octal_string'; ISO C99 and later do not support implicit function declarations [-Wimplicit-function-declaration]
   43 |     if (is_octal_string(mode_str)) {
      |         ^
src/new_chmod/new_chmod.c:44:14: error: call to undeclared function 'parse_octal'; ISO C99 and later do not support implicit function declarations [-Wimplicit-function-declaration]
   44 |         if (!parse_octal(mode_str, &octal_val)) {
      |              ^
src/new_chmod/new_chmod.c:45:13: error: call to undeclared function 'fprintf'; ISO C99 and later do not support implicit function declarations [-Wimplicit-function-declaration]
   45 |             fprintf(stderr, "new_chmod: invalid mode: %s\n", mode_str);
      |             ^
src/new_chmod/new_chmod.c:45:21: error: use of undeclared identifier 'stderr'
   45 |             fprintf(stderr, "new_chmod: invalid mode: %s\n", mode_str);
      |                     ^~~~~~
src/new_chmod/new_chmod.c:48:9: error: use of undeclared identifier 'octal'
   48 |         octal = true;
      |         ^~~~~
src/new_chmod/new_chmod.c:48:17: error: use of undeclared identifier 'true'
   48 |         octal = true;
      |                 ^~~~
src/new_chmod/new_chmod.c:50:14: error: call to undeclared function 'parse_symbolic'; ISO C99 and later do not support implicit function declarations [-Wimplicit-function-declaration]
   50 |         if (!parse_symbolic(mode_str, &sm)) {
      |              ^
src/new_chmod/new_chmod.c:50:40: error: use of undeclared identifier 'sm'
   50 |         if (!parse_symbolic(mode_str, &sm)) {
      |                                        ^~
fatal error: too many errors emitted, stopping now [-ferror-limit=]
20 errors generated.

===== VALIDATION LOOP 2: BUILD =====

src/new_chmod/new_chmod.c:128:14: error: unused variable 'op_char' [-Werror,-Wunused-variable]
  128 |         char op_char = *p;
      |              ^~~~~~~
1 error generated.

===== VALIDATION LOOP 3: BUILD =====

