
===== VALIDATION LOOP 0: BUILD =====


===== VALIDATION LOOP 1: BUILD =====

src/new_chmod/new_chmod.c:1:45: error: unknown type name 'mode_spec_t'
    1 | static int walk_dir(const char *path, const mode_spec_t *spec)
      |                                             ^
src/new_chmod/new_chmod.c:5:5: error: use of undeclared identifier 'DIR'
    5 |     DIR *dir = opendir(path);
      |     ^~~
src/new_chmod/new_chmod.c:5:10: error: use of undeclared identifier 'dir'
    5 |     DIR *dir = opendir(path);
      |          ^~~
src/new_chmod/new_chmod.c:5:16: error: call to undeclared function 'opendir'; ISO C99 and later do not support implicit function declarations [-Wimplicit-function-declaration]
    5 |     DIR *dir = opendir(path);
      |                ^
src/new_chmod/new_chmod.c:6:10: error: use of undeclared identifier 'dir'
    6 |     if (!dir) {
      |          ^~~
src/new_chmod/new_chmod.c:7:9: error: call to undeclared function 'fprintf'; ISO C99 and later do not support implicit function declarations [-Wimplicit-function-declaration]
    7 |         fprintf(stderr, "new_chmod: cannot access '%s': %s\n",
      |         ^
src/new_chmod/new_chmod.c:7:9: error: declaration of built-in function 'fprintf' requires inclusion of the header <stdio.h> [-Werror,-Wbuiltin-requires-header]
src/new_chmod/new_chmod.c:7:17: error: use of undeclared identifier 'stderr'
    7 |         fprintf(stderr, "new_chmod: cannot access '%s': %s\n",
      |                 ^~~~~~
src/new_chmod/new_chmod.c:8:23: error: call to undeclared library function 'strerror' with type 'char *(int)'; ISO C99 and later do not support implicit function declarations [-Wimplicit-function-declaration]
    8 |                 path, strerror(errno));
      |                       ^
src/new_chmod/new_chmod.c:8:23: note: include the header <string.h> or explicitly provide a declaration for 'strerror'
src/new_chmod/new_chmod.c:8:32: error: use of undeclared identifier 'errno'
    8 |                 path, strerror(errno));
      |                                ^~~~~
src/new_chmod/new_chmod.c:12:20: error: use of undeclared identifier 'NULL'
   12 |     char **names = NULL;
      |                    ^~~~
src/new_chmod/new_chmod.c:15:12: error: use of undeclared identifier 'true'
   15 |     while (true) {
      |            ^~~~
src/new_chmod/new_chmod.c:16:32: error: call to undeclared function 'readdir'; ISO C99 and later do not support implicit function declarations [-Wimplicit-function-declaration]
   16 |         struct dirent *entry = readdir(dir);
      |                                ^
src/new_chmod/new_chmod.c:16:40: error: use of undeclared identifier 'dir'
   16 |         struct dirent *entry = readdir(dir);
      |                                        ^~~
src/new_chmod/new_chmod.c:19:13: error: call to undeclared library function 'strcmp' with type 'int (const char *, const char *)'; ISO C99 and later do not support implicit function declarations [-Wimplicit-function-declaration]
   19 |         if (strcmp(entry->d_name, ".") == 0 || strcmp(entry->d_name, "..") == 0)
      |             ^
src/new_chmod/new_chmod.c:19:13: note: include the header <string.h> or explicitly provide a declaration for 'strcmp'
src/new_chmod/new_chmod.c:19:25: error: incomplete definition of type 'struct dirent'
   19 |         if (strcmp(entry->d_name, ".") == 0 || strcmp(entry->d_name, "..") == 0)
      |                    ~~~~~^
src/new_chmod/new_chmod.c:16:16: note: forward declaration of 'struct dirent'
   16 |         struct dirent *entry = readdir(dir);
      |                ^
src/new_chmod/new_chmod.c:19:60: error: incomplete definition of type 'struct dirent'
   19 |         if (strcmp(entry->d_name, ".") == 0 || strcmp(entry->d_name, "..") == 0)
      |                                                       ~~~~~^
src/new_chmod/new_chmod.c:16:16: note: forward declaration of 'struct dirent'
   16 |         struct dirent *entry = readdir(dir);
      |                ^
src/new_chmod/new_chmod.c:23:26: error: call to undeclared library function 'realloc' with type 'void *(void *, unsigned long)'; ISO C99 and later do not support implicit function declarations [-Wimplicit-function-declaration]
   23 |             char **tmp = realloc(names, (size_t)cap * sizeof(char *));
      |                          ^
src/new_chmod/new_chmod.c:23:26: note: include the header <stdlib.h> or explicitly provide a declaration for 'realloc'
src/new_chmod/new_chmod.c:23:42: error: use of undeclared identifier 'size_t'; did you mean 'sizeof'?
   23 |             char **tmp = realloc(names, (size_t)cap * sizeof(char *));
      |                                          ^~~~~~
fatal error: too many errors emitted, stopping now [-ferror-limit=]
20 errors generated.

===== VALIDATION LOOP 2: BUILD =====

src/new_chmod/new_chmod.c:39:16: error: unused variable 'special_value' [-Werror,-Wunused-variable]
   39 |         mode_t special_value = 0;
      |                ^~~~~~~~~~~~~
1 error generated.

===== VALIDATION LOOP 3: BUILD =====

